[0.557s] Invoking command in '/home/mouha/esp32_led_spacebar/ros2_ws/src/esp32_led_teleop': DEBUGINFOD_URLS=https://debuginfod.ubuntu.com PYTHONPATH=/home/mouha/esp32_led_spacebar/ros2_ws/build/esp32_led_teleop/prefix_override:/usr/lib/python3/dist-packages/colcon_core/task/python/colcon_distutils_commands:/home/mouha/esp32_led_spacebar/ros2_ws/install/esp32_led_teleop/lib/python3.12/site-packages:${PYTHONPATH} /usr/bin/python3 -W ignore:setup.py install is deprecated -W ignore:easy_install command is deprecated setup.py egg_info --egg-base ../../build/esp32_led_teleop build --build-base /home/mouha/esp32_led_spacebar/ros2_ws/build/esp32_led_teleop/build install --record /home/mouha/esp32_led_spacebar/ros2_ws/build/esp32_led_teleop/install.log --single-version-externally-managed install_data
[0.756s] running egg_info
[0.771s] writing ../../build/esp32_led_teleop/esp32_led_teleop.egg-info/PKG-INFO
[0.771s] writing dependency_links to ../../build/esp32_led_teleop/esp32_led_teleop.egg-info/dependency_links.txt
[0.771s] writing entry points to ../../build/esp32_led_teleop/esp32_led_teleop.egg-info/entry_points.txt
[0.771s] writing requirements to ../../build/esp32_led_teleop/esp32_led_teleop.egg-info/requires.txt
[0.771s] writing top-level names to ../../build/esp32_led_teleop/esp32_led_teleop.egg-info/top_level.txt
[0.802s] reading manifest file '../../build/esp32_led_teleop/esp32_led_teleop.egg-info/SOURCES.txt'
[0.802s] adding license file 'LICENSE'
[0.802s] writing manifest file '../../build/esp32_led_teleop/esp32_led_teleop.egg-info/SOURCES.txt'
[0.803s] running build
[0.803s] running build_py
[0.803s] running install
[0.808s] running install_lib
[0.824s] running install_data
[0.824s] running install_egg_info
[0.840s] removing '/home/mouha/esp32_led_spacebar/ros2_ws/install/esp32_led_teleop/lib/python3.12/site-packages/esp32_led_teleop-0.0.0-py3.12.egg-info' (and everything under it)
[0.840s] Copying ../../build/esp32_led_teleop/esp32_led_teleop.egg-info to /home/mouha/esp32_led_spacebar/ros2_ws/install/esp32_led_teleop/lib/python3.12/site-packages/esp32_led_teleop-0.0.0-py3.12.egg-info
[0.840s] running install_scripts
[0.938s] Installing keyboard_led_publisher script to /home/mouha/esp32_led_spacebar/ros2_ws/install/esp32_led_teleop/lib/esp32_led_teleop
[0.939s] writing list of installed files to '/home/mouha/esp32_led_spacebar/ros2_ws/build/esp32_led_teleop/install.log'
[0.961s] Invoked command in '/home/mouha/esp32_led_spacebar/ros2_ws/src/esp32_led_teleop' returned '0': DEBUGINFOD_URLS=https://debuginfod.ubuntu.com PYTHONPATH=/home/mouha/esp32_led_spacebar/ros2_ws/build/esp32_led_teleop/prefix_override:/usr/lib/python3/dist-packages/colcon_core/task/python/colcon_distutils_commands:/home/mouha/esp32_led_spacebar/ros2_ws/install/esp32_led_teleop/lib/python3.12/site-packages:${PYTHONPATH} /usr/bin/python3 -W ignore:setup.py install is deprecated -W ignore:easy_install command is deprecated setup.py egg_info --egg-base ../../build/esp32_led_teleop build --build-base /home/mouha/esp32_led_spacebar/ros2_ws/build/esp32_led_teleop/build install --record /home/mouha/esp32_led_spacebar/ros2_ws/build/esp32_led_teleop/install.log --single-version-externally-managed install_data
