[0.072s] DEBUG:colcon:Command line arguments: ['/usr/bin/colcon', 'build']
[0.072s] DEBUG:colcon:Parsed command line arguments: Namespace(log_base=None, log_level=None, verb_name='build', build_base='build', install_base='install', merge_install=False, symlink_install=False, test_result_base=None, continue_on_error=False, executor='parallel', parallel_workers=12, event_handlers=None, ignore_user_meta=False, metas=['./colcon.meta'], base_paths=['.'], packages_ignore=None, packages_ignore_regex=None, paths=None, packages_up_to=None, packages_up_to_regex=None, packages_above=None, packages_above_and_dependencies=None, packages_above_depth=None, packages_select_by_dep=None, packages_skip_by_dep=None, packages_skip_up_to=None, packages_select_build_failed=False, packages_skip_build_finished=False, packages_select_test_failures=False, packages_skip_test_passed=False, packages_select=None, packages_skip=None, packages_select_regex=None, packages_skip_regex=None, packages_start=None, packages_end=None, allow_overriding=[], cmake_args=None, cmake_target=None, cmake_target_skip_unavailable=False, cmake_clean_cache=False, cmake_clean_first=False, cmake_force_configure=False, ament_cmake_args=None, catkin_cmake_args=None, catkin_skip_building_tests=False, mixin_files=None, mixin=None, verb_parser=<colcon_mixin.mixin.mixin_argument.MixinArgumentDecorator object at 0x7942c039e540>, verb_extension=<colcon_core.verb.build.BuildVerb object at 0x7942c039e1e0>, main=<bound method BuildVerb.main of <colcon_core.verb.build.BuildVerb object at 0x7942c039e1e0>>, mixin_verb=('build',))
[0.097s] Level 1:colcon.colcon_core.package_discovery:discover_packages(colcon_meta) check parameters
[0.097s] Level 1:colcon.colcon_core.package_discovery:discover_packages(recursive) check parameters
[0.097s] Level 1:colcon.colcon_core.package_discovery:discover_packages(ignore) check parameters
[0.097s] Level 1:colcon.colcon_core.package_discovery:discover_packages(path) check parameters
[0.097s] Level 1:colcon.colcon_core.package_discovery:discover_packages(colcon_meta) discover
[0.097s] Level 1:colcon.colcon_core.package_discovery:discover_packages(recursive) discover
[0.097s] INFO:colcon.colcon_core.package_discovery:Crawling recursively for packages in '/home/mouha/esp32_led_spacebar/ros2_ws'
[0.097s] Level 1:colcon.colcon_core.package_identification:_identify(.) by extensions ['ignore', 'ignore_ament_install']
[0.097s] Level 1:colcon.colcon_core.package_identification:_identify(.) by extension 'ignore'
[0.097s] Level 1:colcon.colcon_core.package_identification:_identify(.) by extension 'ignore_ament_install'
[0.097s] Level 1:colcon.colcon_core.package_identification:_identify(.) by extensions ['colcon_pkg']
[0.097s] Level 1:colcon.colcon_core.package_identification:_identify(.) by extension 'colcon_pkg'
[0.097s] Level 1:colcon.colcon_core.package_identification:_identify(.) by extensions ['colcon_meta']
[0.097s] Level 1:colcon.colcon_core.package_identification:_identify(.) by extension 'colcon_meta'
[0.097s] Level 1:colcon.colcon_core.package_identification:_identify(.) by extensions ['ros']
[0.097s] Level 1:colcon.colcon_core.package_identification:_identify(.) by extension 'ros'
[0.115s] Level 1:colcon.colcon_core.package_identification:_identify(.) by extensions ['cmake', 'python']
[0.115s] Level 1:colcon.colcon_core.package_identification:_identify(.) by extension 'cmake'
[0.115s] Level 1:colcon.colcon_core.package_identification:_identify(.) by extension 'python'
[0.115s] Level 1:colcon.colcon_core.package_identification:_identify(.) by extensions ['python_setup_py']
[0.115s] Level 1:colcon.colcon_core.package_identification:_identify(.) by extension 'python_setup_py'
[0.115s] Level 1:colcon.colcon_core.package_identification:_identify(build) by extensions ['ignore', 'ignore_ament_install']
[0.115s] Level 1:colcon.colcon_core.package_identification:_identify(build) by extension 'ignore'
[0.115s] Level 1:colcon.colcon_core.package_identification:_identify(build) ignored
[0.115s] Level 1:colcon.colcon_core.package_identification:_identify(install) by extensions ['ignore', 'ignore_ament_install']
[0.115s] Level 1:colcon.colcon_core.package_identification:_identify(install) by extension 'ignore'
[0.115s] Level 1:colcon.colcon_core.package_identification:_identify(install) ignored
[0.115s] Level 1:colcon.colcon_core.package_identification:_identify(log) by extensions ['ignore', 'ignore_ament_install']
[0.116s] Level 1:colcon.colcon_core.package_identification:_identify(log) by extension 'ignore'
[0.116s] Level 1:colcon.colcon_core.package_identification:_identify(log) ignored
[0.116s] Level 1:colcon.colcon_core.package_identification:_identify(src) by extensions ['ignore', 'ignore_ament_install']
[0.116s] Level 1:colcon.colcon_core.package_identification:_identify(src) by extension 'ignore'
[0.116s] Level 1:colcon.colcon_core.package_identification:_identify(src) by extension 'ignore_ament_install'
[0.116s] Level 1:colcon.colcon_core.package_identification:_identify(src) by extensions ['colcon_pkg']
[0.116s] Level 1:colcon.colcon_core.package_identification:_identify(src) by extension 'colcon_pkg'
[0.116s] Level 1:colcon.colcon_core.package_identification:_identify(src) by extensions ['colcon_meta']
[0.116s] Level 1:colcon.colcon_core.package_identification:_identify(src) by extension 'colcon_meta'
[0.116s] Level 1:colcon.colcon_core.package_identification:_identify(src) by extensions ['ros']
[0.116s] Level 1:colcon.colcon_core.package_identification:_identify(src) by extension 'ros'
[0.116s] Level 1:colcon.colcon_core.package_identification:_identify(src) by extensions ['cmake', 'python']
[0.116s] Level 1:colcon.colcon_core.package_identification:_identify(src) by extension 'cmake'
[0.116s] Level 1:colcon.colcon_core.package_identification:_identify(src) by extension 'python'
[0.116s] Level 1:colcon.colcon_core.package_identification:_identify(src) by extensions ['python_setup_py']
[0.116s] Level 1:colcon.colcon_core.package_identification:_identify(src) by extension 'python_setup_py'
[0.116s] Level 1:colcon.colcon_core.package_identification:_identify(src/esp32_led_status) by extensions ['ignore', 'ignore_ament_install']
[0.116s] Level 1:colcon.colcon_core.package_identification:_identify(src/esp32_led_status) by extension 'ignore'
[0.116s] Level 1:colcon.colcon_core.package_identification:_identify(src/esp32_led_status) by extension 'ignore_ament_install'
[0.116s] Level 1:colcon.colcon_core.package_identification:_identify(src/esp32_led_status) by extensions ['colcon_pkg']
[0.116s] Level 1:colcon.colcon_core.package_identification:_identify(src/esp32_led_status) by extension 'colcon_pkg'
[0.116s] Level 1:colcon.colcon_core.package_identification:_identify(src/esp32_led_status) by extensions ['colcon_meta']
[0.116s] Level 1:colcon.colcon_core.package_identification:_identify(src/esp32_led_status) by extension 'colcon_meta'
[0.116s] Level 1:colcon.colcon_core.package_identification:_identify(src/esp32_led_status) by extensions ['ros']
[0.116s] Level 1:colcon.colcon_core.package_identification:_identify(src/esp32_led_status) by extension 'ros'
[0.118s] DEBUG:colcon.colcon_core.package_identification:Package 'src/esp32_led_status' with type 'ros.ament_cmake' and name 'esp32_led_status'
[0.118s] Level 1:colcon.colcon_core.package_identification:_identify(src/esp32_led_teleop) by extensions ['ignore', 'ignore_ament_install']
[0.118s] Level 1:colcon.colcon_core.package_identification:_identify(src/esp32_led_teleop) by extension 'ignore'
[0.118s] Level 1:colcon.colcon_core.package_identification:_identify(src/esp32_led_teleop) by extension 'ignore_ament_install'
[0.118s] Level 1:colcon.colcon_core.package_identification:_identify(src/esp32_led_teleop) by extensions ['colcon_pkg']
[0.118s] Level 1:colcon.colcon_core.package_identification:_identify(src/esp32_led_teleop) by extension 'colcon_pkg'
[0.118s] Level 1:colcon.colcon_core.package_identification:_identify(src/esp32_led_teleop) by extensions ['colcon_meta']
[0.118s] Level 1:colcon.colcon_core.package_identification:_identify(src/esp32_led_teleop) by extension 'colcon_meta'
[0.118s] Level 1:colcon.colcon_core.package_identification:_identify(src/esp32_led_teleop) by extensions ['ros']
[0.118s] Level 1:colcon.colcon_core.package_identification:_identify(src/esp32_led_teleop) by extension 'ros'
[0.118s] DEBUG:colcon.colcon_core.package_identification:Package 'src/esp32_led_teleop' with type 'ros.ament_python' and name 'esp32_led_teleop'
[0.118s] Level 1:colcon.colcon_core.package_identification:_identify(src/micro_ros_setup) by extensions ['ignore', 'ignore_ament_install']
[0.119s] Level 1:colcon.colcon_core.package_identification:_identify(src/micro_ros_setup) by extension 'ignore'
[0.119s] Level 1:colcon.colcon_core.package_identification:_identify(src/micro_ros_setup) by extension 'ignore_ament_install'
[0.119s] Level 1:colcon.colcon_core.package_identification:_identify(src/micro_ros_setup) by extensions ['colcon_pkg']
[0.119s] Level 1:colcon.colcon_core.package_identification:_identify(src/micro_ros_setup) by extension 'colcon_pkg'
[0.119s] Level 1:colcon.colcon_core.package_identification:_identify(src/micro_ros_setup) by extensions ['colcon_meta']
[0.119s] Level 1:colcon.colcon_core.package_identification:_identify(src/micro_ros_setup) by extension 'colcon_meta'
[0.119s] Level 1:colcon.colcon_core.package_identification:_identify(src/micro_ros_setup) by extensions ['ros']
[0.119s] Level 1:colcon.colcon_core.package_identification:_identify(src/micro_ros_setup) by extension 'ros'
[0.119s] DEBUG:colcon.colcon_core.package_identification:Package 'src/micro_ros_setup' with type 'ros.ament_cmake' and name 'micro_ros_setup'
[0.119s] Level 1:colcon.colcon_core.package_discovery:discover_packages(recursive) using defaults
[0.119s] Level 1:colcon.colcon_core.package_discovery:discover_packages(ignore) discover
[0.119s] Level 1:colcon.colcon_core.package_discovery:discover_packages(ignore) using defaults
[0.119s] Level 1:colcon.colcon_core.package_discovery:discover_packages(path) discover
[0.119s] Level 1:colcon.colcon_core.package_discovery:discover_packages(path) using defaults
[0.131s] Level 1:colcon.colcon_core.package_discovery:discover_packages(prefix_path) check parameters
[0.131s] Level 1:colcon.colcon_core.package_discovery:discover_packages(prefix_path) discover
[0.132s] DEBUG:colcon.colcon_installed_package_information.package_discovery:Found 2 installed packages in /home/mouha/esp32_led_spacebar/ros2_ws/install
[0.133s] DEBUG:colcon.colcon_installed_package_information.package_discovery:Found 375 installed packages in /opt/ros/jazzy
[0.135s] Level 1:colcon.colcon_core.package_discovery:discover_packages(prefix_path) using defaults
[0.166s] Level 5:colcon.colcon_core.verb:set package 'esp32_led_status' build argument 'cmake_args' from command line to 'None'
[0.166s] Level 5:colcon.colcon_core.verb:set package 'esp32_led_status' build argument 'cmake_target' from command line to 'None'
[0.166s] Level 5:colcon.colcon_core.verb:set package 'esp32_led_status' build argument 'cmake_target_skip_unavailable' from command line to 'False'
[0.166s] Level 5:colcon.colcon_core.verb:set package 'esp32_led_status' build argument 'cmake_clean_cache' from command line to 'False'
[0.166s] Level 5:colcon.colcon_core.verb:set package 'esp32_led_status' build argument 'cmake_clean_first' from command line to 'False'
[0.166s] Level 5:colcon.colcon_core.verb:set package 'esp32_led_status' build argument 'cmake_force_configure' from command line to 'False'
[0.166s] Level 5:colcon.colcon_core.verb:set package 'esp32_led_status' build argument 'ament_cmake_args' from command line to 'None'
[0.166s] Level 5:colcon.colcon_core.verb:set package 'esp32_led_status' build argument 'catkin_cmake_args' from command line to 'None'
[0.166s] Level 5:colcon.colcon_core.verb:set package 'esp32_led_status' build argument 'catkin_skip_building_tests' from command line to 'False'
[0.166s] DEBUG:colcon.colcon_core.verb:Building package 'esp32_led_status' with the following arguments: {'ament_cmake_args': None, 'build_base': '/home/mouha/esp32_led_spacebar/ros2_ws/build/esp32_led_status', 'catkin_cmake_args': None, 'catkin_skip_building_tests': False, 'cmake_args': None, 'cmake_clean_cache': False, 'cmake_clean_first': False, 'cmake_force_configure': False, 'cmake_target': None, 'cmake_target_skip_unavailable': False, 'install_base': '/home/mouha/esp32_led_spacebar/ros2_ws/install/esp32_led_status', 'merge_install': False, 'path': '/home/mouha/esp32_led_spacebar/ros2_ws/src/esp32_led_status', 'symlink_install': False, 'test_result_base': None}
[0.167s] Level 5:colcon.colcon_core.verb:set package 'esp32_led_teleop' build argument 'cmake_args' from command line to 'None'
[0.167s] Level 5:colcon.colcon_core.verb:set package 'esp32_led_teleop' build argument 'cmake_target' from command line to 'None'
[0.167s] Level 5:colcon.colcon_core.verb:set package 'esp32_led_teleop' build argument 'cmake_target_skip_unavailable' from command line to 'False'
[0.167s] Level 5:colcon.colcon_core.verb:set package 'esp32_led_teleop' build argument 'cmake_clean_cache' from command line to 'False'
[0.167s] Level 5:colcon.colcon_core.verb:set package 'esp32_led_teleop' build argument 'cmake_clean_first' from command line to 'False'
[0.167s] Level 5:colcon.colcon_core.verb:set package 'esp32_led_teleop' build argument 'cmake_force_configure' from command line to 'False'
[0.167s] Level 5:colcon.colcon_core.verb:set package 'esp32_led_teleop' build argument 'ament_cmake_args' from command line to 'None'
[0.167s] Level 5:colcon.colcon_core.verb:set package 'esp32_led_teleop' build argument 'catkin_cmake_args' from command line to 'None'
[0.167s] Level 5:colcon.colcon_core.verb:set package 'esp32_led_teleop' build argument 'catkin_skip_building_tests' from command line to 'False'
[0.167s] DEBUG:colcon.colcon_core.verb:Building package 'esp32_led_teleop' with the following arguments: {'ament_cmake_args': None, 'build_base': '/home/mouha/esp32_led_spacebar/ros2_ws/build/esp32_led_teleop', 'catkin_cmake_args': None, 'catkin_skip_building_tests': False, 'cmake_args': None, 'cmake_clean_cache': False, 'cmake_clean_first': False, 'cmake_force_configure': False, 'cmake_target': None, 'cmake_target_skip_unavailable': False, 'install_base': '/home/mouha/esp32_led_spacebar/ros2_ws/install/esp32_led_teleop', 'merge_install': False, 'path': '/home/mouha/esp32_led_spacebar/ros2_ws/src/esp32_led_teleop', 'symlink_install': False, 'test_result_base': None}
[0.167s] Level 5:colcon.colcon_core.verb:set package 'micro_ros_setup' build argument 'cmake_args' from command line to 'None'
[0.167s] Level 5:colcon.colcon_core.verb:set package 'micro_ros_setup' build argument 'cmake_target' from command line to 'None'
[0.167s] Level 5:colcon.colcon_core.verb:set package 'micro_ros_setup' build argument 'cmake_target_skip_unavailable' from command line to 'False'
[0.167s] Level 5:colcon.colcon_core.verb:set package 'micro_ros_setup' build argument 'cmake_clean_cache' from command line to 'False'
[0.167s] Level 5:colcon.colcon_core.verb:set package 'micro_ros_setup' build argument 'cmake_clean_first' from command line to 'False'
[0.167s] Level 5:colcon.colcon_core.verb:set package 'micro_ros_setup' build argument 'cmake_force_configure' from command line to 'False'
[0.167s] Level 5:colcon.colcon_core.verb:set package 'micro_ros_setup' build argument 'ament_cmake_args' from command line to 'None'
[0.167s] Level 5:colcon.colcon_core.verb:set package 'micro_ros_setup' build argument 'catkin_cmake_args' from command line to 'None'
[0.167s] Level 5:colcon.colcon_core.verb:set package 'micro_ros_setup' build argument 'catkin_skip_building_tests' from command line to 'False'
[0.167s] DEBUG:colcon.colcon_core.verb:Building package 'micro_ros_setup' with the following arguments: {'ament_cmake_args': None, 'build_base': '/home/mouha/esp32_led_spacebar/ros2_ws/build/micro_ros_setup', 'catkin_cmake_args': None, 'catkin_skip_building_tests': False, 'cmake_args': None, 'cmake_clean_cache': False, 'cmake_clean_first': False, 'cmake_force_configure': False, 'cmake_target': None, 'cmake_target_skip_unavailable': False, 'install_base': '/home/mouha/esp32_led_spacebar/ros2_ws/install/micro_ros_setup', 'merge_install': False, 'path': '/home/mouha/esp32_led_spacebar/ros2_ws/src/micro_ros_setup', 'symlink_install': False, 'test_result_base': None}
[0.167s] INFO:colcon.colcon_core.executor:Executing jobs using 'parallel' executor
[0.168s] DEBUG:colcon.colcon_parallel_executor.executor.parallel:run_until_complete
[0.168s] INFO:colcon.colcon_ros.task.ament_cmake.build:Building ROS package in '/home/mouha/esp32_led_spacebar/ros2_ws/src/esp32_led_status' with build type 'ament_cmake'
[0.168s] INFO:colcon.colcon_cmake.task.cmake.build:Building CMake package in '/home/mouha/esp32_led_spacebar/ros2_ws/src/esp32_led_status'
[0.169s] INFO:colcon.colcon_core.plugin_system:Skipping extension 'colcon_core.shell.bat': Not used on non-Windows systems
[0.169s] INFO:colcon.colcon_core.shell:Skip shell extension 'powershell' for command environment: Not usable outside of PowerShell
[0.169s] DEBUG:colcon.colcon_core.shell:Skip shell extension 'dsv' for command environment
[0.172s] INFO:colcon.colcon_ros.task.ament_python.build:Building ROS package in '/home/mouha/esp32_led_spacebar/ros2_ws/src/esp32_led_teleop' with build type 'ament_python'
[0.172s] Level 1:colcon.colcon_core.shell:create_environment_hook('esp32_led_teleop', 'ament_prefix_path')
[0.172s] INFO:colcon.colcon_core.shell:Creating environment hook '/home/mouha/esp32_led_spacebar/ros2_ws/install/esp32_led_teleop/share/esp32_led_teleop/hook/ament_prefix_path.ps1'
[0.173s] INFO:colcon.colcon_core.shell:Creating environment descriptor '/home/mouha/esp32_led_spacebar/ros2_ws/install/esp32_led_teleop/share/esp32_led_teleop/hook/ament_prefix_path.dsv'
[0.173s] INFO:colcon.colcon_core.shell:Creating environment hook '/home/mouha/esp32_led_spacebar/ros2_ws/install/esp32_led_teleop/share/esp32_led_teleop/hook/ament_prefix_path.sh'
[0.173s] INFO:colcon.colcon_core.shell:Skip shell extension 'powershell' for command environment: Not usable outside of PowerShell
[0.173s] DEBUG:colcon.colcon_core.shell:Skip shell extension 'dsv' for command environment
[0.175s] INFO:colcon.colcon_ros.task.ament_cmake.build:Building ROS package in '/home/mouha/esp32_led_spacebar/ros2_ws/src/micro_ros_setup' with build type 'ament_cmake'
[0.175s] INFO:colcon.colcon_cmake.task.cmake.build:Building CMake package in '/home/mouha/esp32_led_spacebar/ros2_ws/src/micro_ros_setup'
[0.176s] INFO:colcon.colcon_core.shell:Skip shell extension 'powershell' for command environment: Not usable outside of PowerShell
[0.176s] DEBUG:colcon.colcon_core.shell:Skip shell extension 'dsv' for command environment
[0.181s] DEBUG:colcon.colcon_core.event_handler.log_command:Invoking command in '/home/mouha/esp32_led_spacebar/ros2_ws/build/esp32_led_status': CMAKE_PREFIX_PATH=${CMAKE_PREFIX_PATH}:/home/mouha/esp32_led_spacebar/ros2_ws/install/esp32_led_teleop:/opt/ros/jazzy DEBUGINFOD_URLS=https://debuginfod.ubuntu.com /usr/bin/cmake --build /home/mouha/esp32_led_spacebar/ros2_ws/build/esp32_led_status -- -j12 -l12
[0.331s] INFO:colcon.colcon_core.task.python.build:Building Python package in '/home/mouha/esp32_led_spacebar/ros2_ws/src/esp32_led_teleop'
[0.331s] INFO:colcon.colcon_core.shell:Skip shell extension 'powershell' for command environment: Not usable outside of PowerShell
[0.331s] DEBUG:colcon.colcon_core.shell:Skip shell extension 'dsv' for command environment
[0.336s] DEBUG:colcon.colcon_core.event_handler.log_command:Invoking command in '/home/mouha/esp32_led_spacebar/ros2_ws/build/micro_ros_setup': CMAKE_PREFIX_PATH=${CMAKE_PREFIX_PATH}:/home/mouha/esp32_led_spacebar/ros2_ws/install/esp32_led_teleop:/opt/ros/jazzy DEBUGINFOD_URLS=https://debuginfod.ubuntu.com /usr/bin/cmake /home/mouha/esp32_led_spacebar/ros2_ws/src/micro_ros_setup -DCMAKE_INSTALL_PREFIX=/home/mouha/esp32_led_spacebar/ros2_ws/install/micro_ros_setup
[0.337s] DEBUG:colcon.colcon_core.event_handler.log_command:Invoked command in '/home/mouha/esp32_led_spacebar/ros2_ws/build/esp32_led_status' returned '0': CMAKE_PREFIX_PATH=${CMAKE_PREFIX_PATH}:/home/mouha/esp32_led_spacebar/ros2_ws/install/esp32_led_teleop:/opt/ros/jazzy DEBUGINFOD_URLS=https://debuginfod.ubuntu.com /usr/bin/cmake --build /home/mouha/esp32_led_spacebar/ros2_ws/build/esp32_led_status -- -j12 -l12
[0.343s] DEBUG:colcon.colcon_core.event_handler.log_command:Invoking command in '/home/mouha/esp32_led_spacebar/ros2_ws/build/esp32_led_status': CMAKE_PREFIX_PATH=${CMAKE_PREFIX_PATH}:/home/mouha/esp32_led_spacebar/ros2_ws/install/esp32_led_teleop:/opt/ros/jazzy DEBUGINFOD_URLS=https://debuginfod.ubuntu.com /usr/bin/cmake --install /home/mouha/esp32_led_spacebar/ros2_ws/build/esp32_led_status
[0.350s] Level 1:colcon.colcon_core.environment:create_environment_scripts_only(esp32_led_status)
[0.350s] DEBUG:colcon.colcon_core.event_handler.log_command:Invoked command in '/home/mouha/esp32_led_spacebar/ros2_ws/build/esp32_led_status' returned '0': CMAKE_PREFIX_PATH=${CMAKE_PREFIX_PATH}:/home/mouha/esp32_led_spacebar/ros2_ws/install/esp32_led_teleop:/opt/ros/jazzy DEBUGINFOD_URLS=https://debuginfod.ubuntu.com /usr/bin/cmake --install /home/mouha/esp32_led_spacebar/ros2_ws/build/esp32_led_status
[0.351s] Level 1:colcon.colcon_core.environment:checking '/home/mouha/esp32_led_spacebar/ros2_ws/install/esp32_led_status' for CMake module files
[0.352s] Level 1:colcon.colcon_core.environment:checking '/home/mouha/esp32_led_spacebar/ros2_ws/install/esp32_led_status' for CMake config files
[0.352s] Level 1:colcon.colcon_core.shell:create_environment_hook('esp32_led_status', 'cmake_prefix_path')
[0.352s] INFO:colcon.colcon_core.shell:Creating environment hook '/home/mouha/esp32_led_spacebar/ros2_ws/install/esp32_led_status/share/esp32_led_status/hook/cmake_prefix_path.ps1'
[0.352s] INFO:colcon.colcon_core.shell:Creating environment descriptor '/home/mouha/esp32_led_spacebar/ros2_ws/install/esp32_led_status/share/esp32_led_status/hook/cmake_prefix_path.dsv'
[0.353s] INFO:colcon.colcon_core.shell:Creating environment hook '/home/mouha/esp32_led_spacebar/ros2_ws/install/esp32_led_status/share/esp32_led_status/hook/cmake_prefix_path.sh'
[0.353s] Level 1:colcon.colcon_core.environment:checking '/home/mouha/esp32_led_spacebar/ros2_ws/install/esp32_led_status/lib'
[0.353s] Level 1:colcon.colcon_core.environment:checking '/home/mouha/esp32_led_spacebar/ros2_ws/install/esp32_led_status/bin'
[0.353s] Level 1:colcon.colcon_core.environment:checking '/home/mouha/esp32_led_spacebar/ros2_ws/install/esp32_led_status/lib/pkgconfig/esp32_led_status.pc'
[0.353s] Level 1:colcon.colcon_core.environment:checking '/home/mouha/esp32_led_spacebar/ros2_ws/install/esp32_led_status/lib/python3.12/site-packages'
[0.354s] Level 1:colcon.colcon_core.environment:checking '/home/mouha/esp32_led_spacebar/ros2_ws/install/esp32_led_status/bin'
[0.354s] INFO:colcon.colcon_core.shell:Creating package script '/home/mouha/esp32_led_spacebar/ros2_ws/install/esp32_led_status/share/esp32_led_status/package.ps1'
[0.354s] INFO:colcon.colcon_core.shell:Creating package descriptor '/home/mouha/esp32_led_spacebar/ros2_ws/install/esp32_led_status/share/esp32_led_status/package.dsv'
[0.355s] INFO:colcon.colcon_core.shell:Creating package script '/home/mouha/esp32_led_spacebar/ros2_ws/install/esp32_led_status/share/esp32_led_status/package.sh'
[0.355s] INFO:colcon.colcon_core.shell:Creating package script '/home/mouha/esp32_led_spacebar/ros2_ws/install/esp32_led_status/share/esp32_led_status/package.bash'
[0.355s] INFO:colcon.colcon_core.shell:Creating package script '/home/mouha/esp32_led_spacebar/ros2_ws/install/esp32_led_status/share/esp32_led_status/package.zsh'
[0.356s] Level 1:colcon.colcon_core.environment:create_file_with_runtime_dependencies(/home/mouha/esp32_led_spacebar/ros2_ws/install/esp32_led_status/share/colcon-core/packages/esp32_led_status)
[0.356s] Level 1:colcon.colcon_core.environment:create_environment_scripts_only(esp32_led_status)
[0.356s] Level 1:colcon.colcon_core.environment:checking '/home/mouha/esp32_led_spacebar/ros2_ws/install/esp32_led_status' for CMake module files
[0.357s] Level 1:colcon.colcon_core.environment:checking '/home/mouha/esp32_led_spacebar/ros2_ws/install/esp32_led_status' for CMake config files
[0.357s] Level 1:colcon.colcon_core.shell:create_environment_hook('esp32_led_status', 'cmake_prefix_path')
[0.357s] INFO:colcon.colcon_core.shell:Creating environment hook '/home/mouha/esp32_led_spacebar/ros2_ws/install/esp32_led_status/share/esp32_led_status/hook/cmake_prefix_path.ps1'
[0.357s] INFO:colcon.colcon_core.shell:Creating environment descriptor '/home/mouha/esp32_led_spacebar/ros2_ws/install/esp32_led_status/share/esp32_led_status/hook/cmake_prefix_path.dsv'
[0.357s] INFO:colcon.colcon_core.shell:Creating environment hook '/home/mouha/esp32_led_spacebar/ros2_ws/install/esp32_led_status/share/esp32_led_status/hook/cmake_prefix_path.sh'
[0.358s] Level 1:colcon.colcon_core.environment:checking '/home/mouha/esp32_led_spacebar/ros2_ws/install/esp32_led_status/lib'
[0.358s] Level 1:colcon.colcon_core.environment:checking '/home/mouha/esp32_led_spacebar/ros2_ws/install/esp32_led_status/bin'
[0.358s] Level 1:colcon.colcon_core.environment:checking '/home/mouha/esp32_led_spacebar/ros2_ws/install/esp32_led_status/lib/pkgconfig/esp32_led_status.pc'
[0.358s] Level 1:colcon.colcon_core.environment:checking '/home/mouha/esp32_led_spacebar/ros2_ws/install/esp32_led_status/lib/python3.12/site-packages'
[0.358s] Level 1:colcon.colcon_core.environment:checking '/home/mouha/esp32_led_spacebar/ros2_ws/install/esp32_led_status/bin'
[0.358s] INFO:colcon.colcon_core.shell:Creating package script '/home/mouha/esp32_led_spacebar/ros2_ws/install/esp32_led_status/share/esp32_led_status/package.ps1'
[0.359s] INFO:colcon.colcon_core.shell:Creating package descriptor '/home/mouha/esp32_led_spacebar/ros2_ws/install/esp32_led_status/share/esp32_led_status/package.dsv'
[0.359s] INFO:colcon.colcon_core.shell:Creating package script '/home/mouha/esp32_led_spacebar/ros2_ws/install/esp32_led_status/share/esp32_led_status/package.sh'
[0.359s] INFO:colcon.colcon_core.shell:Creating package script '/home/mouha/esp32_led_spacebar/ros2_ws/install/esp32_led_status/share/esp32_led_status/package.bash'
[0.359s] INFO:colcon.colcon_core.shell:Creating package script '/home/mouha/esp32_led_spacebar/ros2_ws/install/esp32_led_status/share/esp32_led_status/package.zsh'
[0.360s] Level 1:colcon.colcon_core.environment:create_file_with_runtime_dependencies(/home/mouha/esp32_led_spacebar/ros2_ws/install/esp32_led_status/share/colcon-core/packages/esp32_led_status)
[0.783s] DEBUG:colcon.colcon_core.event_handler.log_command:Invoking command in '/home/mouha/esp32_led_spacebar/ros2_ws/src/esp32_led_teleop': DEBUGINFOD_URLS=https://debuginfod.ubuntu.com PYTHONPATH=/home/mouha/esp32_led_spacebar/ros2_ws/build/esp32_led_teleop/prefix_override:/usr/lib/python3/dist-packages/colcon_core/task/python/colcon_distutils_commands:/home/mouha/esp32_led_spacebar/ros2_ws/install/esp32_led_teleop/lib/python3.12/site-packages:${PYTHONPATH} /usr/bin/python3 -W ignore:setup.py install is deprecated -W ignore:easy_install command is deprecated setup.py egg_info --egg-base ../../build/esp32_led_teleop build --build-base /home/mouha/esp32_led_spacebar/ros2_ws/build/esp32_led_teleop/build install --record /home/mouha/esp32_led_spacebar/ros2_ws/build/esp32_led_teleop/install.log --single-version-externally-managed install_data
[0.835s] DEBUG:colcon.colcon_core.event_handler.log_command:Invoked command in '/home/mouha/esp32_led_spacebar/ros2_ws/build/micro_ros_setup' returned '0': CMAKE_PREFIX_PATH=${CMAKE_PREFIX_PATH}:/home/mouha/esp32_led_spacebar/ros2_ws/install/esp32_led_teleop:/opt/ros/jazzy DEBUGINFOD_URLS=https://debuginfod.ubuntu.com /usr/bin/cmake /home/mouha/esp32_led_spacebar/ros2_ws/src/micro_ros_setup -DCMAKE_INSTALL_PREFIX=/home/mouha/esp32_led_spacebar/ros2_ws/install/micro_ros_setup
[0.835s] DEBUG:colcon.colcon_core.event_handler.log_command:Invoking command in '/home/mouha/esp32_led_spacebar/ros2_ws/build/micro_ros_setup': CMAKE_PREFIX_PATH=${CMAKE_PREFIX_PATH}:/home/mouha/esp32_led_spacebar/ros2_ws/install/esp32_led_teleop:/opt/ros/jazzy DEBUGINFOD_URLS=https://debuginfod.ubuntu.com /usr/bin/cmake --build /home/mouha/esp32_led_spacebar/ros2_ws/build/micro_ros_setup -- -j12 -l12
[0.862s] DEBUG:colcon.colcon_core.event_handler.log_command:Invoked command in '/home/mouha/esp32_led_spacebar/ros2_ws/build/micro_ros_setup' returned '0': CMAKE_PREFIX_PATH=${CMAKE_PREFIX_PATH}:/home/mouha/esp32_led_spacebar/ros2_ws/install/esp32_led_teleop:/opt/ros/jazzy DEBUGINFOD_URLS=https://debuginfod.ubuntu.com /usr/bin/cmake --build /home/mouha/esp32_led_spacebar/ros2_ws/build/micro_ros_setup -- -j12 -l12
[0.863s] DEBUG:colcon.colcon_core.event_handler.log_command:Invoking command in '/home/mouha/esp32_led_spacebar/ros2_ws/build/micro_ros_setup': CMAKE_PREFIX_PATH=${CMAKE_PREFIX_PATH}:/home/mouha/esp32_led_spacebar/ros2_ws/install/esp32_led_teleop:/opt/ros/jazzy DEBUGINFOD_URLS=https://debuginfod.ubuntu.com /usr/bin/cmake --install /home/mouha/esp32_led_spacebar/ros2_ws/build/micro_ros_setup
[0.878s] Level 1:colcon.colcon_core.environment:create_environment_scripts_only(micro_ros_setup)
[0.878s] Level 1:colcon.colcon_core.environment:checking '/home/mouha/esp32_led_spacebar/ros2_ws/install/micro_ros_setup' for CMake module files
[0.878s] DEBUG:colcon.colcon_core.event_handler.log_command:Invoked command in '/home/mouha/esp32_led_spacebar/ros2_ws/build/micro_ros_setup' returned '0': CMAKE_PREFIX_PATH=${CMAKE_PREFIX_PATH}:/home/mouha/esp32_led_spacebar/ros2_ws/install/esp32_led_teleop:/opt/ros/jazzy DEBUGINFOD_URLS=https://debuginfod.ubuntu.com /usr/bin/cmake --install /home/mouha/esp32_led_spacebar/ros2_ws/build/micro_ros_setup
[0.878s] Level 1:colcon.colcon_core.environment:checking '/home/mouha/esp32_led_spacebar/ros2_ws/install/micro_ros_setup' for CMake config files
[0.879s] Level 1:colcon.colcon_core.shell:create_environment_hook('micro_ros_setup', 'cmake_prefix_path')
[0.879s] INFO:colcon.colcon_core.shell:Creating environment hook '/home/mouha/esp32_led_spacebar/ros2_ws/install/micro_ros_setup/share/micro_ros_setup/hook/cmake_prefix_path.ps1'
[0.879s] INFO:colcon.colcon_core.shell:Creating environment descriptor '/home/mouha/esp32_led_spacebar/ros2_ws/install/micro_ros_setup/share/micro_ros_setup/hook/cmake_prefix_path.dsv'
[0.879s] INFO:colcon.colcon_core.shell:Creating environment hook '/home/mouha/esp32_led_spacebar/ros2_ws/install/micro_ros_setup/share/micro_ros_setup/hook/cmake_prefix_path.sh'
[0.880s] Level 1:colcon.colcon_core.environment:checking '/home/mouha/esp32_led_spacebar/ros2_ws/install/micro_ros_setup/lib'
[0.880s] Level 1:colcon.colcon_core.environment:checking '/home/mouha/esp32_led_spacebar/ros2_ws/install/micro_ros_setup/bin'
[0.880s] Level 1:colcon.colcon_core.environment:checking '/home/mouha/esp32_led_spacebar/ros2_ws/install/micro_ros_setup/lib/pkgconfig/micro_ros_setup.pc'
[0.880s] Level 1:colcon.colcon_core.environment:checking '/home/mouha/esp32_led_spacebar/ros2_ws/install/micro_ros_setup/lib/python3.12/site-packages'
[0.880s] Level 1:colcon.colcon_core.environment:checking '/home/mouha/esp32_led_spacebar/ros2_ws/install/micro_ros_setup/bin'
[0.880s] INFO:colcon.colcon_core.shell:Creating package script '/home/mouha/esp32_led_spacebar/ros2_ws/install/micro_ros_setup/share/micro_ros_setup/package.ps1'
[0.881s] INFO:colcon.colcon_core.shell:Creating package descriptor '/home/mouha/esp32_led_spacebar/ros2_ws/install/micro_ros_setup/share/micro_ros_setup/package.dsv'
[0.881s] INFO:colcon.colcon_core.shell:Creating package script '/home/mouha/esp32_led_spacebar/ros2_ws/install/micro_ros_setup/share/micro_ros_setup/package.sh'
[0.881s] INFO:colcon.colcon_core.shell:Creating package script '/home/mouha/esp32_led_spacebar/ros2_ws/install/micro_ros_setup/share/micro_ros_setup/package.bash'
[0.881s] INFO:colcon.colcon_core.shell:Creating package script '/home/mouha/esp32_led_spacebar/ros2_ws/install/micro_ros_setup/share/micro_ros_setup/package.zsh'
[0.881s] Level 1:colcon.colcon_core.environment:create_file_with_runtime_dependencies(/home/mouha/esp32_led_spacebar/ros2_ws/install/micro_ros_setup/share/colcon-core/packages/micro_ros_setup)
[0.882s] Level 1:colcon.colcon_core.environment:create_environment_scripts_only(micro_ros_setup)
[0.882s] Level 1:colcon.colcon_core.environment:checking '/home/mouha/esp32_led_spacebar/ros2_ws/install/micro_ros_setup' for CMake module files
[0.882s] Level 1:colcon.colcon_core.environment:checking '/home/mouha/esp32_led_spacebar/ros2_ws/install/micro_ros_setup' for CMake config files
[0.882s] Level 1:colcon.colcon_core.shell:create_environment_hook('micro_ros_setup', 'cmake_prefix_path')
[0.883s] INFO:colcon.colcon_core.shell:Creating environment hook '/home/mouha/esp32_led_spacebar/ros2_ws/install/micro_ros_setup/share/micro_ros_setup/hook/cmake_prefix_path.ps1'
[0.883s] INFO:colcon.colcon_core.shell:Creating environment descriptor '/home/mouha/esp32_led_spacebar/ros2_ws/install/micro_ros_setup/share/micro_ros_setup/hook/cmake_prefix_path.dsv'
[0.883s] INFO:colcon.colcon_core.shell:Creating environment hook '/home/mouha/esp32_led_spacebar/ros2_ws/install/micro_ros_setup/share/micro_ros_setup/hook/cmake_prefix_path.sh'
[0.883s] Level 1:colcon.colcon_core.environment:checking '/home/mouha/esp32_led_spacebar/ros2_ws/install/micro_ros_setup/lib'
[0.883s] Level 1:colcon.colcon_core.environment:checking '/home/mouha/esp32_led_spacebar/ros2_ws/install/micro_ros_setup/bin'
[0.883s] Level 1:colcon.colcon_core.environment:checking '/home/mouha/esp32_led_spacebar/ros2_ws/install/micro_ros_setup/lib/pkgconfig/micro_ros_setup.pc'
[0.884s] Level 1:colcon.colcon_core.environment:checking '/home/mouha/esp32_led_spacebar/ros2_ws/install/micro_ros_setup/lib/python3.12/site-packages'
[0.884s] Level 1:colcon.colcon_core.environment:checking '/home/mouha/esp32_led_spacebar/ros2_ws/install/micro_ros_setup/bin'
[0.884s] INFO:colcon.colcon_core.shell:Creating package script '/home/mouha/esp32_led_spacebar/ros2_ws/install/micro_ros_setup/share/micro_ros_setup/package.ps1'
[0.884s] INFO:colcon.colcon_core.shell:Creating package descriptor '/home/mouha/esp32_led_spacebar/ros2_ws/install/micro_ros_setup/share/micro_ros_setup/package.dsv'
[0.884s] INFO:colcon.colcon_core.shell:Creating package script '/home/mouha/esp32_led_spacebar/ros2_ws/install/micro_ros_setup/share/micro_ros_setup/package.sh'
[0.885s] INFO:colcon.colcon_core.shell:Creating package script '/home/mouha/esp32_led_spacebar/ros2_ws/install/micro_ros_setup/share/micro_ros_setup/package.bash'
[0.885s] INFO:colcon.colcon_core.shell:Creating package script '/home/mouha/esp32_led_spacebar/ros2_ws/install/micro_ros_setup/share/micro_ros_setup/package.zsh'
[0.885s] Level 1:colcon.colcon_core.environment:create_file_with_runtime_dependencies(/home/mouha/esp32_led_spacebar/ros2_ws/install/micro_ros_setup/share/colcon-core/packages/micro_ros_setup)
[1.172s] Level 1:colcon.colcon_core.environment:checking '/home/mouha/esp32_led_spacebar/ros2_ws/install/esp32_led_teleop' for CMake module files
[1.173s] DEBUG:colcon.colcon_core.event_handler.log_command:Invoked command in '/home/mouha/esp32_led_spacebar/ros2_ws/src/esp32_led_teleop' returned '0': DEBUGINFOD_URLS=https://debuginfod.ubuntu.com PYTHONPATH=/home/mouha/esp32_led_spacebar/ros2_ws/build/esp32_led_teleop/prefix_override:/usr/lib/python3/dist-packages/colcon_core/task/python/colcon_distutils_commands:/home/mouha/esp32_led_spacebar/ros2_ws/install/esp32_led_teleop/lib/python3.12/site-packages:${PYTHONPATH} /usr/bin/python3 -W ignore:setup.py install is deprecated -W ignore:easy_install command is deprecated setup.py egg_info --egg-base ../../build/esp32_led_teleop build --build-base /home/mouha/esp32_led_spacebar/ros2_ws/build/esp32_led_teleop/build install --record /home/mouha/esp32_led_spacebar/ros2_ws/build/esp32_led_teleop/install.log --single-version-externally-managed install_data
[1.173s] Level 1:colcon.colcon_core.environment:checking '/home/mouha/esp32_led_spacebar/ros2_ws/install/esp32_led_teleop' for CMake config files
[1.174s] Level 1:colcon.colcon_core.environment:checking '/home/mouha/esp32_led_spacebar/ros2_ws/install/esp32_led_teleop/lib'
[1.174s] Level 1:colcon.colcon_core.environment:checking '/home/mouha/esp32_led_spacebar/ros2_ws/install/esp32_led_teleop/bin'
[1.174s] Level 1:colcon.colcon_core.environment:checking '/home/mouha/esp32_led_spacebar/ros2_ws/install/esp32_led_teleop/lib/pkgconfig/esp32_led_teleop.pc'
[1.174s] Level 1:colcon.colcon_core.environment:checking '/home/mouha/esp32_led_spacebar/ros2_ws/install/esp32_led_teleop/lib/python3.12/site-packages'
[1.174s] Level 1:colcon.colcon_core.shell:create_environment_hook('esp32_led_teleop', 'pythonpath')
[1.174s] INFO:colcon.colcon_core.shell:Creating environment hook '/home/mouha/esp32_led_spacebar/ros2_ws/install/esp32_led_teleop/share/esp32_led_teleop/hook/pythonpath.ps1'
[1.174s] INFO:colcon.colcon_core.shell:Creating environment descriptor '/home/mouha/esp32_led_spacebar/ros2_ws/install/esp32_led_teleop/share/esp32_led_teleop/hook/pythonpath.dsv'
[1.175s] INFO:colcon.colcon_core.shell:Creating environment hook '/home/mouha/esp32_led_spacebar/ros2_ws/install/esp32_led_teleop/share/esp32_led_teleop/hook/pythonpath.sh'
[1.175s] Level 1:colcon.colcon_core.environment:checking '/home/mouha/esp32_led_spacebar/ros2_ws/install/esp32_led_teleop/bin'
[1.175s] Level 1:colcon.colcon_core.environment:create_environment_scripts_only(esp32_led_teleop)
[1.175s] INFO:colcon.colcon_core.shell:Creating package script '/home/mouha/esp32_led_spacebar/ros2_ws/install/esp32_led_teleop/share/esp32_led_teleop/package.ps1'
[1.176s] INFO:colcon.colcon_core.shell:Creating package descriptor '/home/mouha/esp32_led_spacebar/ros2_ws/install/esp32_led_teleop/share/esp32_led_teleop/package.dsv'
[1.176s] INFO:colcon.colcon_core.shell:Creating package script '/home/mouha/esp32_led_spacebar/ros2_ws/install/esp32_led_teleop/share/esp32_led_teleop/package.sh'
[1.176s] INFO:colcon.colcon_core.shell:Creating package script '/home/mouha/esp32_led_spacebar/ros2_ws/install/esp32_led_teleop/share/esp32_led_teleop/package.bash'
[1.176s] INFO:colcon.colcon_core.shell:Creating package script '/home/mouha/esp32_led_spacebar/ros2_ws/install/esp32_led_teleop/share/esp32_led_teleop/package.zsh'
[1.177s] Level 1:colcon.colcon_core.environment:create_file_with_runtime_dependencies(/home/mouha/esp32_led_spacebar/ros2_ws/install/esp32_led_teleop/share/colcon-core/packages/esp32_led_teleop)
[1.177s] DEBUG:colcon.colcon_parallel_executor.executor.parallel:closing loop
[1.177s] DEBUG:colcon.colcon_parallel_executor.executor.parallel:loop closed
[1.177s] DEBUG:colcon.colcon_parallel_executor.executor.parallel:run_until_complete finished with '0'
[1.177s] DEBUG:colcon.colcon_core.event_reactor:joining thread
[1.181s] INFO:colcon.colcon_core.plugin_system:Skipping extension 'colcon_notification.desktop_notification.terminal_notifier': Not used on non-Darwin systems
[1.181s] INFO:colcon.colcon_core.plugin_system:Skipping extension 'colcon_notification.desktop_notification.win32': Not used on non-Windows systems
[1.181s] INFO:colcon.colcon_notification.desktop_notification:Sending desktop notification using 'notify2'
[1.190s] DEBUG:colcon.colcon_core.event_reactor:joined thread
[1.190s] INFO:colcon.colcon_core.shell:Creating prefix script '/home/mouha/esp32_led_spacebar/ros2_ws/install/local_setup.ps1'
[1.191s] INFO:colcon.colcon_core.shell:Creating prefix util module '/home/mouha/esp32_led_spacebar/ros2_ws/install/_local_setup_util_ps1.py'
[1.193s] INFO:colcon.colcon_core.shell:Creating prefix chain script '/home/mouha/esp32_led_spacebar/ros2_ws/install/setup.ps1'
[1.194s] INFO:colcon.colcon_core.shell:Creating prefix script '/home/mouha/esp32_led_spacebar/ros2_ws/install/local_setup.sh'
[1.194s] INFO:colcon.colcon_core.shell:Creating prefix util module '/home/mouha/esp32_led_spacebar/ros2_ws/install/_local_setup_util_sh.py'
[1.195s] INFO:colcon.colcon_core.shell:Creating prefix chain script '/home/mouha/esp32_led_spacebar/ros2_ws/install/setup.sh'
[1.196s] INFO:colcon.colcon_core.shell:Creating prefix script '/home/mouha/esp32_led_spacebar/ros2_ws/install/local_setup.bash'
[1.196s] INFO:colcon.colcon_core.shell:Creating prefix chain script '/home/mouha/esp32_led_spacebar/ros2_ws/install/setup.bash'
[1.197s] INFO:colcon.colcon_core.shell:Creating prefix script '/home/mouha/esp32_led_spacebar/ros2_ws/install/local_setup.zsh'
[1.197s] INFO:colcon.colcon_core.shell:Creating prefix chain script '/home/mouha/esp32_led_spacebar/ros2_ws/install/setup.zsh'
