[0.007s] Invoking command in '/home/mouha/esp32_led_spacebar/ros2_ws/build/micro_ros_setup': CMAKE_PREFIX_PATH=${CMAKE_PREFIX_PATH}:/home/mouha/esp32_led_spacebar/ros2_ws/install/esp32_led_teleop:/opt/ros/jazzy DEBUGINFOD_URLS=https://debuginfod.ubuntu.com /usr/bin/cmake --build /home/mouha/esp32_led_spacebar/ros2_ws/build/micro_ros_setup -- -j12 -l12
[0.034s] Invoked command in '/home/mouha/esp32_led_spacebar/ros2_ws/build/micro_ros_setup' returned '0': CMAKE_PREFIX_PATH=${CMAKE_PREFIX_PATH}:/home/mouha/esp32_led_spacebar/ros2_ws/install/esp32_led_teleop:/opt/ros/jazzy DEBUGINFOD_URLS=https://debuginfod.ubuntu.com /usr/bin/cmake --build /home/mouha/esp32_led_spacebar/ros2_ws/build/micro_ros_setup -- -j12 -l12
[0.041s] Invoking command in '/home/mouha/esp32_led_spacebar/ros2_ws/build/micro_ros_setup': CMAKE_PREFIX_PATH=${CMAKE_PREFIX_PATH}:/home/mouha/esp32_led_spacebar/ros2_ws/install/esp32_led_teleop:/opt/ros/jazzy DEBUGINFOD_URLS=https://debuginfod.ubuntu.com /usr/bin/cmake --install /home/mouha/esp32_led_spacebar/ros2_ws/build/micro_ros_setup
[0.046s] -- Install configuration: ""
[0.046s] -- Up-to-date: /home/mouha/esp32_led_spacebar/ros2_ws/install/micro_ros_setup/share/ament_index/resource_index/package_run_dependencies/micro_ros_setup
[0.047s] -- Up-to-date: /home/mouha/esp32_led_spacebar/ros2_ws/install/micro_ros_setup/share/ament_index/resource_index/parent_prefix_path/micro_ros_setup
[0.047s] -- Up-to-date: /home/mouha/esp32_led_spacebar/ros2_ws/install/micro_ros_setup/share/micro_ros_setup/environment/ament_prefix_path.sh
[0.047s] -- Up-to-date: /home/mouha/esp32_led_spacebar/ros2_ws/install/micro_ros_setup/share/micro_ros_setup/environment/ament_prefix_path.dsv
[0.047s] -- Up-to-date: /home/mouha/esp32_led_spacebar/ros2_ws/install/micro_ros_setup/share/micro_ros_setup/environment/path.sh
[0.047s] -- Up-to-date: /home/mouha/esp32_led_spacebar/ros2_ws/install/micro_ros_setup/share/micro_ros_setup/environment/path.dsv
[0.047s] -- Up-to-date: /home/mouha/esp32_led_spacebar/ros2_ws/install/micro_ros_setup/share/micro_ros_setup/local_setup.bash
[0.047s] -- Up-to-date: /home/mouha/esp32_led_spacebar/ros2_ws/install/micro_ros_setup/share/micro_ros_setup/local_setup.sh
[0.047s] -- Up-to-date: /home/mouha/esp32_led_spacebar/ros2_ws/install/micro_ros_setup/share/micro_ros_setup/local_setup.zsh
[0.047s] -- Up-to-date: /home/mouha/esp32_led_spacebar/ros2_ws/install/micro_ros_setup/share/micro_ros_setup/local_setup.dsv
[0.047s] -- Installing: /home/mouha/esp32_led_spacebar/ros2_ws/install/micro_ros_setup/share/micro_ros_setup/package.dsv
[0.047s] -- Up-to-date: /home/mouha/esp32_led_spacebar/ros2_ws/install/micro_ros_setup/share/ament_index/resource_index/packages/micro_ros_setup
[0.047s] -- Up-to-date: /home/mouha/esp32_led_spacebar/ros2_ws/install/micro_ros_setup/share/micro_ros_setup/cmake/micro_ros_setupConfig.cmake
[0.047s] -- Up-to-date: /home/mouha/esp32_led_spacebar/ros2_ws/install/micro_ros_setup/share/micro_ros_setup/cmake/micro_ros_setupConfig-version.cmake
[0.047s] -- Up-to-date: /home/mouha/esp32_led_spacebar/ros2_ws/install/micro_ros_setup/share/micro_ros_setup/package.xml
[0.047s] -- Up-to-date: /home/mouha/esp32_led_spacebar/ros2_ws/install/micro_ros_setup/./config
[0.047s] -- Up-to-date: /home/mouha/esp32_led_spacebar/ros2_ws/install/micro_ros_setup/./config/host
[0.047s] -- Up-to-date: /home/mouha/esp32_led_spacebar/ros2_ws/install/micro_ros_setup/./config/host/dev_uros_packages.repos
[0.047s] -- Up-to-date: /home/mouha/esp32_led_spacebar/ros2_ws/install/micro_ros_setup/./config/host/client_ros2_packages.txt
[0.047s] -- Up-to-date: /home/mouha/esp32_led_spacebar/ros2_ws/install/micro_ros_setup/./config/host/generic
[0.047s] -- Up-to-date: /home/mouha/esp32_led_spacebar/ros2_ws/install/micro_ros_setup/./config/host/generic/create.sh
[0.048s] -- Up-to-date: /home/mouha/esp32_led_spacebar/ros2_ws/install/micro_ros_setup/./config/host/generic/build.sh
[0.048s] -- Up-to-date: /home/mouha/esp32_led_spacebar/ros2_ws/install/micro_ros_setup/./config/host/generic/client-host-colcon.meta
[0.048s] -- Up-to-date: /home/mouha/esp32_led_spacebar/ros2_ws/install/micro_ros_setup/./config/host/generic/client_host_packages.repos
[0.048s] -- Up-to-date: /home/mouha/esp32_led_spacebar/ros2_ws/install/micro_ros_setup/./config/host/generic/package.xml
[0.048s] -- Up-to-date: /home/mouha/esp32_led_spacebar/ros2_ws/install/micro_ros_setup/./config/host/generic/flash.sh
[0.048s] -- Up-to-date: /home/mouha/esp32_led_spacebar/ros2_ws/install/micro_ros_setup/./config/host/dev_ros2_packages.txt
[0.048s] -- Up-to-date: /home/mouha/esp32_led_spacebar/ros2_ws/install/micro_ros_setup/./config/raspbian
[0.048s] -- Up-to-date: /home/mouha/esp32_led_spacebar/ros2_ws/install/micro_ros_setup/./config/raspbian/dev_uros_packages.repos
[0.048s] -- Up-to-date: /home/mouha/esp32_led_spacebar/ros2_ws/install/micro_ros_setup/./config/raspbian/generic
[0.048s] -- Up-to-date: /home/mouha/esp32_led_spacebar/ros2_ws/install/micro_ros_setup/./config/raspbian/generic/client_uros_packages.repos
[0.048s] -- Up-to-date: /home/mouha/esp32_led_spacebar/ros2_ws/install/micro_ros_setup/./config/raspbian/generic/configure.sh
[0.048s] -- Up-to-date: /home/mouha/esp32_led_spacebar/ros2_ws/install/micro_ros_setup/./config/raspbian/generic/create.sh
[0.048s] -- Up-to-date: /home/mouha/esp32_led_spacebar/ros2_ws/install/micro_ros_setup/./config/raspbian/generic/build.sh
[0.048s] -- Up-to-date: /home/mouha/esp32_led_spacebar/ros2_ws/install/micro_ros_setup/./config/raspbian/generic/client-colcon.meta
[0.048s] -- Up-to-date: /home/mouha/esp32_led_spacebar/ros2_ws/install/micro_ros_setup/./config/raspbian/generic/supported_platforms
[0.048s] -- Up-to-date: /home/mouha/esp32_led_spacebar/ros2_ws/install/micro_ros_setup/./config/raspbian/generic/flash.sh
[0.049s] -- Up-to-date: /home/mouha/esp32_led_spacebar/ros2_ws/install/micro_ros_setup/./config/raspbian/dev_ros2_packages.txt
[0.049s] -- Up-to-date: /home/mouha/esp32_led_spacebar/ros2_ws/install/micro_ros_setup/./config/freertos
[0.049s] -- Up-to-date: /home/mouha/esp32_led_spacebar/ros2_ws/install/micro_ros_setup/./config/freertos/dev_uros_packages.repos
[0.049s] -- Up-to-date: /home/mouha/esp32_led_spacebar/ros2_ws/install/micro_ros_setup/./config/freertos/list_apps.sh
[0.049s] -- Up-to-date: /home/mouha/esp32_led_spacebar/ros2_ws/install/micro_ros_setup/./config/freertos/esp32
[0.049s] -- Up-to-date: /home/mouha/esp32_led_spacebar/ros2_ws/install/micro_ros_setup/./config/freertos/esp32/client_uros_packages.repos
[0.049s] -- Up-to-date: /home/mouha/esp32_led_spacebar/ros2_ws/install/micro_ros_setup/./config/freertos/esp32/configure.sh
[0.049s] -- Up-to-date: /home/mouha/esp32_led_spacebar/ros2_ws/install/micro_ros_setup/./config/freertos/esp32/create.sh
[0.049s] -- Up-to-date: /home/mouha/esp32_led_spacebar/ros2_ws/install/micro_ros_setup/./config/freertos/esp32/README.md
[0.049s] -- Up-to-date: /home/mouha/esp32_led_spacebar/ros2_ws/install/micro_ros_setup/./config/freertos/esp32/build.sh
[0.049s] -- Up-to-date: /home/mouha/esp32_led_spacebar/ros2_ws/install/micro_ros_setup/./config/freertos/esp32/package.xml
[0.049s] -- Up-to-date: /home/mouha/esp32_led_spacebar/ros2_ws/install/micro_ros_setup/./config/freertos/esp32/client-colcon.meta
[0.049s] -- Up-to-date: /home/mouha/esp32_led_spacebar/ros2_ws/install/micro_ros_setup/./config/freertos/esp32/board.repos
[0.049s] -- Up-to-date: /home/mouha/esp32_led_spacebar/ros2_ws/install/micro_ros_setup/./config/freertos/esp32/flash.sh
[0.049s] -- Up-to-date: /home/mouha/esp32_led_spacebar/ros2_ws/install/micro_ros_setup/./config/freertos/nucleo_f746zg
[0.049s] -- Up-to-date: /home/mouha/esp32_led_spacebar/ros2_ws/install/micro_ros_setup/./config/freertos/nucleo_f746zg/client_uros_packages.repos
[0.049s] -- Up-to-date: /home/mouha/esp32_led_spacebar/ros2_ws/install/micro_ros_setup/./config/freertos/nucleo_f746zg/configure.sh
[0.049s] -- Up-to-date: /home/mouha/esp32_led_spacebar/ros2_ws/install/micro_ros_setup/./config/freertos/nucleo_f746zg/create.sh
[0.049s] -- Up-to-date: /home/mouha/esp32_led_spacebar/ros2_ws/install/micro_ros_setup/./config/freertos/nucleo_f746zg/build.sh
[0.049s] -- Up-to-date: /home/mouha/esp32_led_spacebar/ros2_ws/install/micro_ros_setup/./config/freertos/nucleo_f746zg/package.xml
[0.049s] -- Up-to-date: /home/mouha/esp32_led_spacebar/ros2_ws/install/micro_ros_setup/./config/freertos/nucleo_f746zg/client-colcon.meta
[0.050s] -- Up-to-date: /home/mouha/esp32_led_spacebar/ros2_ws/install/micro_ros_setup/./config/freertos/nucleo_f746zg/board.repos
[0.050s] -- Up-to-date: /home/mouha/esp32_led_spacebar/ros2_ws/install/micro_ros_setup/./config/freertos/nucleo_f746zg/flash.sh
[0.050s] -- Up-to-date: /home/mouha/esp32_led_spacebar/ros2_ws/install/micro_ros_setup/./config/freertos/nucleo_f446re
[0.050s] -- Up-to-date: /home/mouha/esp32_led_spacebar/ros2_ws/install/micro_ros_setup/./config/freertos/nucleo_f446re/client_uros_packages.repos
[0.050s] -- Up-to-date: /home/mouha/esp32_led_spacebar/ros2_ws/install/micro_ros_setup/./config/freertos/nucleo_f446re/configure.sh
[0.050s] -- Up-to-date: /home/mouha/esp32_led_spacebar/ros2_ws/install/micro_ros_setup/./config/freertos/nucleo_f446re/create.sh
[0.050s] -- Up-to-date: /home/mouha/esp32_led_spacebar/ros2_ws/install/micro_ros_setup/./config/freertos/nucleo_f446re/build.sh
[0.050s] -- Up-to-date: /home/mouha/esp32_led_spacebar/ros2_ws/install/micro_ros_setup/./config/freertos/nucleo_f446re/package.xml
[0.050s] -- Up-to-date: /home/mouha/esp32_led_spacebar/ros2_ws/install/micro_ros_setup/./config/freertos/nucleo_f446re/client-colcon.meta
[0.050s] -- Up-to-date: /home/mouha/esp32_led_spacebar/ros2_ws/install/micro_ros_setup/./config/freertos/nucleo_f446re/board.repos
[0.050s] -- Up-to-date: /home/mouha/esp32_led_spacebar/ros2_ws/install/micro_ros_setup/./config/freertos/nucleo_f446re/flash.sh
[0.050s] -- Up-to-date: /home/mouha/esp32_led_spacebar/ros2_ws/install/micro_ros_setup/./config/freertos/nucleo_f446ze
[0.050s] -- Up-to-date: /home/mouha/esp32_led_spacebar/ros2_ws/install/micro_ros_setup/./config/freertos/nucleo_f446ze/client_uros_packages.repos
[0.050s] -- Up-to-date: /home/mouha/esp32_led_spacebar/ros2_ws/install/micro_ros_setup/./config/freertos/nucleo_f446ze/configure.sh
[0.050s] -- Up-to-date: /home/mouha/esp32_led_spacebar/ros2_ws/install/micro_ros_setup/./config/freertos/nucleo_f446ze/create.sh
[0.050s] -- Up-to-date: /home/mouha/esp32_led_spacebar/ros2_ws/install/micro_ros_setup/./config/freertos/nucleo_f446ze/build.sh
[0.050s] -- Up-to-date: /home/mouha/esp32_led_spacebar/ros2_ws/install/micro_ros_setup/./config/freertos/nucleo_f446ze/package.xml
[0.050s] -- Up-to-date: /home/mouha/esp32_led_spacebar/ros2_ws/install/micro_ros_setup/./config/freertos/nucleo_f446ze/client-colcon.meta
[0.050s] -- Up-to-date: /home/mouha/esp32_led_spacebar/ros2_ws/install/micro_ros_setup/./config/freertos/nucleo_f446ze/board.repos
[0.051s] -- Up-to-date: /home/mouha/esp32_led_spacebar/ros2_ws/install/micro_ros_setup/./config/freertos/nucleo_f446ze/flash.sh
[0.051s] -- Up-to-date: /home/mouha/esp32_led_spacebar/ros2_ws/install/micro_ros_setup/./config/freertos/nucleo_f767zi
[0.051s] -- Up-to-date: /home/mouha/esp32_led_spacebar/ros2_ws/install/micro_ros_setup/./config/freertos/nucleo_f767zi/client_uros_packages.repos
[0.051s] -- Up-to-date: /home/mouha/esp32_led_spacebar/ros2_ws/install/micro_ros_setup/./config/freertos/nucleo_f767zi/configure.sh
[0.051s] -- Up-to-date: /home/mouha/esp32_led_spacebar/ros2_ws/install/micro_ros_setup/./config/freertos/nucleo_f767zi/create.sh
[0.051s] -- Up-to-date: /home/mouha/esp32_led_spacebar/ros2_ws/install/micro_ros_setup/./config/freertos/nucleo_f767zi/build.sh
[0.051s] -- Up-to-date: /home/mouha/esp32_led_spacebar/ros2_ws/install/micro_ros_setup/./config/freertos/nucleo_f767zi/package.xml
[0.051s] -- Up-to-date: /home/mouha/esp32_led_spacebar/ros2_ws/install/micro_ros_setup/./config/freertos/nucleo_f767zi/client-colcon.meta
[0.051s] -- Up-to-date: /home/mouha/esp32_led_spacebar/ros2_ws/install/micro_ros_setup/./config/freertos/nucleo_f767zi/board.repos
[0.051s] -- Up-to-date: /home/mouha/esp32_led_spacebar/ros2_ws/install/micro_ros_setup/./config/freertos/nucleo_f767zi/flash.sh
[0.051s] -- Up-to-date: /home/mouha/esp32_led_spacebar/ros2_ws/install/micro_ros_setup/./config/freertos/olimex-stm32-e407
[0.051s] -- Up-to-date: /home/mouha/esp32_led_spacebar/ros2_ws/install/micro_ros_setup/./config/freertos/olimex-stm32-e407/client_uros_packages.repos
[0.051s] -- Up-to-date: /home/mouha/esp32_led_spacebar/ros2_ws/install/micro_ros_setup/./config/freertos/olimex-stm32-e407/configure.sh
[0.051s] -- Up-to-date: /home/mouha/esp32_led_spacebar/ros2_ws/install/micro_ros_setup/./config/freertos/olimex-stm32-e407/create.sh
[0.051s] -- Up-to-date: /home/mouha/esp32_led_spacebar/ros2_ws/install/micro_ros_setup/./config/freertos/olimex-stm32-e407/build.sh
[0.051s] -- Up-to-date: /home/mouha/esp32_led_spacebar/ros2_ws/install/micro_ros_setup/./config/freertos/olimex-stm32-e407/package.xml
[0.051s] -- Up-to-date: /home/mouha/esp32_led_spacebar/ros2_ws/install/micro_ros_setup/./config/freertos/olimex-stm32-e407/client-colcon.meta
[0.051s] -- Up-to-date: /home/mouha/esp32_led_spacebar/ros2_ws/install/micro_ros_setup/./config/freertos/olimex-stm32-e407/board.repos
[0.051s] -- Up-to-date: /home/mouha/esp32_led_spacebar/ros2_ws/install/micro_ros_setup/./config/freertos/olimex-stm32-e407/flash.sh
[0.051s] -- Up-to-date: /home/mouha/esp32_led_spacebar/ros2_ws/install/micro_ros_setup/./config/freertos/dev_ros2_packages.txt
[0.051s] -- Up-to-date: /home/mouha/esp32_led_spacebar/ros2_ws/install/micro_ros_setup/./config/freertos/crazyflie21
[0.052s] -- Up-to-date: /home/mouha/esp32_led_spacebar/ros2_ws/install/micro_ros_setup/./config/freertos/crazyflie21/client_uros_packages.repos
[0.052s] -- Up-to-date: /home/mouha/esp32_led_spacebar/ros2_ws/install/micro_ros_setup/./config/freertos/crazyflie21/configure.sh
[0.052s] -- Up-to-date: /home/mouha/esp32_led_spacebar/ros2_ws/install/micro_ros_setup/./config/freertos/crazyflie21/create.sh
[0.052s] -- Up-to-date: /home/mouha/esp32_led_spacebar/ros2_ws/install/micro_ros_setup/./config/freertos/crazyflie21/build.sh
[0.052s] -- Up-to-date: /home/mouha/esp32_led_spacebar/ros2_ws/install/micro_ros_setup/./config/freertos/crazyflie21/package.xml
[0.052s] -- Up-to-date: /home/mouha/esp32_led_spacebar/ros2_ws/install/micro_ros_setup/./config/freertos/crazyflie21/client-colcon.meta
[0.052s] -- Up-to-date: /home/mouha/esp32_led_spacebar/ros2_ws/install/micro_ros_setup/./config/freertos/crazyflie21/board.repos
[0.052s] -- Up-to-date: /home/mouha/esp32_led_spacebar/ros2_ws/install/micro_ros_setup/./config/freertos/crazyflie21/flash.sh
[0.052s] -- Up-to-date: /home/mouha/esp32_led_spacebar/ros2_ws/install/micro_ros_setup/./config/client_uros_packages.repos
[0.052s] -- Up-to-date: /home/mouha/esp32_led_spacebar/ros2_ws/install/micro_ros_setup/./config/agent_ros2_packages.txt
[0.052s] -- Up-to-date: /home/mouha/esp32_led_spacebar/ros2_ws/install/micro_ros_setup/./config/utils.sh
[0.052s] -- Up-to-date: /home/mouha/esp32_led_spacebar/ros2_ws/install/micro_ros_setup/./config/client_ros2_packages.txt
[0.052s] -- Up-to-date: /home/mouha/esp32_led_spacebar/ros2_ws/install/micro_ros_setup/./config/agent_uros_packages.repos
[0.052s] -- Up-to-date: /home/mouha/esp32_led_spacebar/ros2_ws/install/micro_ros_setup/./config/generate_lib
[0.052s] -- Up-to-date: /home/mouha/esp32_led_spacebar/ros2_ws/install/micro_ros_setup/./config/generate_lib/dev_uros_packages.repos
[0.052s] -- Up-to-date: /home/mouha/esp32_led_spacebar/ros2_ws/install/micro_ros_setup/./config/generate_lib/generic
[0.052s] -- Up-to-date: /home/mouha/esp32_led_spacebar/ros2_ws/install/micro_ros_setup/./config/generate_lib/generic/client_uros_packages.repos
[0.052s] -- Up-to-date: /home/mouha/esp32_led_spacebar/ros2_ws/install/micro_ros_setup/./config/generate_lib/generic/demo_toolchain.cmake
[0.053s] -- Up-to-date: /home/mouha/esp32_led_spacebar/ros2_ws/install/micro_ros_setup/./config/generate_lib/generic/create.sh
[0.053s] -- Up-to-date: /home/mouha/esp32_led_spacebar/ros2_ws/install/micro_ros_setup/./config/generate_lib/generic/build.sh
[0.053s] -- Up-to-date: /home/mouha/esp32_led_spacebar/ros2_ws/install/micro_ros_setup/./config/generate_lib/generic/package.xml
[0.053s] -- Up-to-date: /home/mouha/esp32_led_spacebar/ros2_ws/install/micro_ros_setup/./config/generate_lib/generic/client-colcon.meta
[0.053s] -- Up-to-date: /home/mouha/esp32_led_spacebar/ros2_ws/install/micro_ros_setup/./config/generate_lib/generic/flash.sh
[0.053s] -- Up-to-date: /home/mouha/esp32_led_spacebar/ros2_ws/install/micro_ros_setup/./config/generate_lib/dev_ros2_packages.txt
[0.053s] -- Up-to-date: /home/mouha/esp32_led_spacebar/ros2_ws/install/micro_ros_setup/./config/zephyr
[0.053s] -- Up-to-date: /home/mouha/esp32_led_spacebar/ros2_ws/install/micro_ros_setup/./config/zephyr/dev_uros_packages.repos
[0.053s] -- Up-to-date: /home/mouha/esp32_led_spacebar/ros2_ws/install/micro_ros_setup/./config/zephyr/list_apps.sh
[0.053s] -- Up-to-date: /home/mouha/esp32_led_spacebar/ros2_ws/install/micro_ros_setup/./config/zephyr/generic
[0.053s] -- Up-to-date: /home/mouha/esp32_led_spacebar/ros2_ws/install/micro_ros_setup/./config/zephyr/generic/client_uros_packages.repos
[0.053s] -- Up-to-date: /home/mouha/esp32_led_spacebar/ros2_ws/install/micro_ros_setup/./config/zephyr/generic/configure.sh
[0.053s] -- Up-to-date: /home/mouha/esp32_led_spacebar/ros2_ws/install/micro_ros_setup/./config/zephyr/generic/create.sh
[0.053s] -- Up-to-date: /home/mouha/esp32_led_spacebar/ros2_ws/install/micro_ros_setup/./config/zephyr/generic/build.sh
[0.053s] -- Up-to-date: /home/mouha/esp32_led_spacebar/ros2_ws/install/micro_ros_setup/./config/zephyr/generic/package.xml
[0.053s] -- Up-to-date: /home/mouha/esp32_led_spacebar/ros2_ws/install/micro_ros_setup/./config/zephyr/generic/client-colcon.meta
[0.053s] -- Up-to-date: /home/mouha/esp32_led_spacebar/ros2_ws/install/micro_ros_setup/./config/zephyr/generic/supported_platforms
[0.053s] -- Up-to-date: /home/mouha/esp32_led_spacebar/ros2_ws/install/micro_ros_setup/./config/zephyr/generic/board.repos
[0.053s] -- Up-to-date: /home/mouha/esp32_led_spacebar/ros2_ws/install/micro_ros_setup/./config/zephyr/generic/flash.sh
[0.053s] -- Up-to-date: /home/mouha/esp32_led_spacebar/ros2_ws/install/micro_ros_setup/./config/zephyr/dev_ros2_packages.txt
[0.054s] -- Up-to-date: /home/mouha/esp32_led_spacebar/ros2_ws/install/micro_ros_setup/./config/android
[0.054s] -- Up-to-date: /home/mouha/esp32_led_spacebar/ros2_ws/install/micro_ros_setup/./config/android/dev_uros_packages.repos
[0.054s] -- Up-to-date: /home/mouha/esp32_led_spacebar/ros2_ws/install/micro_ros_setup/./config/android/generic
[0.054s] -- Up-to-date: /home/mouha/esp32_led_spacebar/ros2_ws/install/micro_ros_setup/./config/android/generic/client_uros_packages.repos
[0.054s] -- Up-to-date: /home/mouha/esp32_led_spacebar/ros2_ws/install/micro_ros_setup/./config/android/generic/create.sh
[0.054s] -- Up-to-date: /home/mouha/esp32_led_spacebar/ros2_ws/install/micro_ros_setup/./config/android/generic/build.sh
[0.054s] -- Up-to-date: /home/mouha/esp32_led_spacebar/ros2_ws/install/micro_ros_setup/./config/android/generic/package.xml
[0.054s] -- Up-to-date: /home/mouha/esp32_led_spacebar/ros2_ws/install/micro_ros_setup/./config/android/generic/client-colcon.meta
[0.054s] -- Up-to-date: /home/mouha/esp32_led_spacebar/ros2_ws/install/micro_ros_setup/./config/android/generic/flash.sh
[0.054s] -- Up-to-date: /home/mouha/esp32_led_spacebar/ros2_ws/install/micro_ros_setup/./config/android/dev_ros2_packages.txt
[0.054s] -- Up-to-date: /home/mouha/esp32_led_spacebar/ros2_ws/install/micro_ros_setup/lib/micro_ros_setup/create_ws.sh
[0.054s] -- Up-to-date: /home/mouha/esp32_led_spacebar/ros2_ws/install/micro_ros_setup/lib/micro_ros_setup/create_agent_ws.sh
[0.054s] -- Up-to-date: /home/mouha/esp32_led_spacebar/ros2_ws/install/micro_ros_setup/lib/micro_ros_setup/create_firmware_ws.sh
[0.054s] -- Up-to-date: /home/mouha/esp32_led_spacebar/ros2_ws/install/micro_ros_setup/lib/micro_ros_setup/configure_firmware.sh
[0.054s] -- Up-to-date: /home/mouha/esp32_led_spacebar/ros2_ws/install/micro_ros_setup/lib/micro_ros_setup/flash_firmware.sh
[0.054s] -- Up-to-date: /home/mouha/esp32_led_spacebar/ros2_ws/install/micro_ros_setup/lib/micro_ros_setup/build_firmware.sh
[0.054s] -- Up-to-date: /home/mouha/esp32_led_spacebar/ros2_ws/install/micro_ros_setup/lib/micro_ros_setup/build_agent.sh
[0.054s] -- Up-to-date: /home/mouha/esp32_led_spacebar/ros2_ws/install/micro_ros_setup/lib/micro_ros_setup/yaml_filter.py
[0.054s] -- Up-to-date: /home/mouha/esp32_led_spacebar/ros2_ws/install/micro_ros_setup/lib/micro_ros_setup/clean_env.sh
[0.054s] -- Up-to-date: /home/mouha/esp32_led_spacebar/ros2_ws/install/micro_ros_setup/lib/micro_ros_setup/component
[0.055s] Invoked command in '/home/mouha/esp32_led_spacebar/ros2_ws/build/micro_ros_setup' returned '0': CMAKE_PREFIX_PATH=${CMAKE_PREFIX_PATH}:/home/mouha/esp32_led_spacebar/ros2_ws/install/esp32_led_teleop:/opt/ros/jazzy DEBUGINFOD_URLS=https://debuginfod.ubuntu.com /usr/bin/cmake --install /home/mouha/esp32_led_spacebar/ros2_ws/build/micro_ros_setup
