[0.007s] Invoking command in '/home/mouha/esp32_led_spacebar/ros2_ws/build/micro_ros_msgs': CMAKE_PREFIX_PATH=${CMAKE_PREFIX_PATH}:/home/mouha/esp32_led_spacebar/ros2_ws/install/esp32_led_teleop:/opt/ros/jazzy DEBUGINFOD_URLS=https://debuginfod.ubuntu.com /usr/bin/cmake /home/mouha/esp32_led_spacebar/ros2_ws/src/uros/micro_ros_msgs -DUAGENT_BUILD_EXECUTABLE=OFF -DUAGENT_P2P_PROFILE=OFF --no-warn-unused-cli -DCMAKE_INSTALL_PREFIX=/home/mouha/esp32_led_spacebar/ros2_ws/install/micro_ros_msgs
[0.013s] Not searching for unused variables given on the command line.
[0.046s] -- The C compiler identification is GNU 13.3.0
[0.086s] -- The CXX compiler identification is GNU 13.3.0
[0.097s] -- Detecting C compiler ABI info
[0.159s] -- Detecting C compiler ABI info - done
[0.166s] -- Check for working C compiler: /usr/bin/cc - skipped
[0.166s] -- Detecting C compile features
[0.166s] -- Detecting C compile features - done
[0.173s] -- Detecting CXX compiler ABI info
[0.244s] -- Detecting CXX compiler ABI info - done
[0.251s] -- Check for working CXX compiler: /usr/bin/c++ - skipped
[0.251s] -- Detecting CXX compile features
[0.252s] -- Detecting CXX compile features - done
[0.255s] -- Found ament_cmake: 2.5.6 (/opt/ros/jazzy/share/ament_cmake/cmake)
[0.370s] -- Found Python3: /usr/bin/python3 (found version "3.12.3") found components: Interpreter 
[0.459s] -- Found rosidl_default_generators: 1.6.0 (/opt/ros/jazzy/share/rosidl_default_generators/cmake)
[0.465s] -- Using all available rosidl_typesupport_c: rosidl_typesupport_fastrtps_c;rosidl_typesupport_introspection_c
[0.512s] -- Using all available rosidl_typesupport_cpp: rosidl_typesupport_fastrtps_cpp;rosidl_typesupport_introspection_cpp
[0.558s] -- Found rosidl_adapter: 4.6.7 (/opt/ros/jazzy/share/rosidl_adapter/cmake)
[0.562s] -- Found ament_lint_auto: 0.17.5 (/opt/ros/jazzy/share/ament_lint_auto/cmake)
[1.012s] -- Found ament_cmake_ros: 0.12.0 (/opt/ros/jazzy/share/ament_cmake_ros/cmake)
[1.334s] -- Using all available rosidl_typesupport_c: rosidl_typesupport_fastrtps_c;rosidl_typesupport_introspection_c
[1.746s] -- Using all available rosidl_typesupport_cpp: rosidl_typesupport_fastrtps_cpp;rosidl_typesupport_introspection_cpp
[1.750s] -- Found python_cmake_module: 0.11.1 (/opt/ros/jazzy/share/python_cmake_module/cmake)
[1.848s] -- Found PythonExtra: /usr/bin/python3  
[2.236s] -- Found Python3: /usr/bin/python3 (found version "3.12.3") found components: Interpreter Development NumPy Development.Module Development.Embed 
[2.283s] -- Found Python3: /usr/bin/python3 (found version "3.12.3") found components: Interpreter 
[2.286s] -- Added test 'copyright' to check source files copyright and LICENSE
[2.290s] -- Added test 'lint_cmake' to check CMake code style
[2.293s] -- Added test 'xmllint' to check XML markup files
[2.297s] -- Configuring done (2.3s)
[2.320s] -- Generating done (0.0s)
[2.328s] -- Build files have been written to: /home/mouha/esp32_led_spacebar/ros2_ws/build/micro_ros_msgs
[2.334s] Invoked command in '/home/mouha/esp32_led_spacebar/ros2_ws/build/micro_ros_msgs' returned '0': CMAKE_PREFIX_PATH=${CMAKE_PREFIX_PATH}:/home/mouha/esp32_led_spacebar/ros2_ws/install/esp32_led_teleop:/opt/ros/jazzy DEBUGINFOD_URLS=https://debuginfod.ubuntu.com /usr/bin/cmake /home/mouha/esp32_led_spacebar/ros2_ws/src/uros/micro_ros_msgs -DUAGENT_BUILD_EXECUTABLE=OFF -DUAGENT_P2P_PROFILE=OFF --no-warn-unused-cli -DCMAKE_INSTALL_PREFIX=/home/mouha/esp32_led_spacebar/ros2_ws/install/micro_ros_msgs
[2.335s] Invoking command in '/home/mouha/esp32_led_spacebar/ros2_ws/build/micro_ros_msgs': CMAKE_PREFIX_PATH=${CMAKE_PREFIX_PATH}:/home/mouha/esp32_led_spacebar/ros2_ws/install/esp32_led_teleop:/opt/ros/jazzy DEBUGINFOD_URLS=https://debuginfod.ubuntu.com /usr/bin/cmake --build /home/mouha/esp32_led_spacebar/ros2_ws/build/micro_ros_msgs -- -j12 -l12
[2.373s] [  3%] [34m[1mGenerating type hashes for ROS interfaces[0m
[2.373s] [  3%] [34m[1mGenerating Rust code for ROS interfaces[0m
[2.379s] [  3%] Built target ament_cmake_python_copy_micro_ros_msgs
[2.552s] running egg_info
[2.553s] creating micro_ros_msgs.egg-info
[2.560s] [  3%] Built target micro_ros_msgs__rosidl_generator_type_description
[2.568s] [  5%] [34m[1mGenerating C code for ROS interfaces[0m
[2.570s] writing micro_ros_msgs.egg-info/PKG-INFO
[2.570s] writing dependency_links to micro_ros_msgs.egg-info/dependency_links.txt
[2.570s] writing top-level names to micro_ros_msgs.egg-info/top_level.txt
[2.570s] writing manifest file 'micro_ros_msgs.egg-info/SOURCES.txt'
[2.572s] [  5%] Built target micro_ros_msgs__rs
[2.577s] [  7%] [34m[1mGenerating C++ code for ROS interfaces[0m
[2.621s] reading manifest file 'micro_ros_msgs.egg-info/SOURCES.txt'
[2.621s] writing manifest file 'micro_ros_msgs.egg-info/SOURCES.txt'
[2.646s] [  7%] Built target ament_cmake_python_build_micro_ros_msgs_egg
[2.832s] [  7%] Built target micro_ros_msgs__cpp
[2.881s] [ 12%] [32mBuilding C object CMakeFiles/micro_ros_msgs__rosidl_generator_c.dir/rosidl_generator_c/micro_ros_msgs/msg/detail/node__functions.c.o[0m
[2.881s] [ 12%] [32mBuilding C object CMakeFiles/micro_ros_msgs__rosidl_generator_c.dir/rosidl_generator_c/micro_ros_msgs/msg/detail/node__description.c.o[0m
[2.881s] [ 12%] [32mBuilding C object CMakeFiles/micro_ros_msgs__rosidl_generator_c.dir/rosidl_generator_c/micro_ros_msgs/msg/detail/graph__functions.c.o[0m
[2.884s] [ 14%] [32mBuilding C object CMakeFiles/micro_ros_msgs__rosidl_generator_c.dir/rosidl_generator_c/micro_ros_msgs/msg/detail/graph__description.c.o[0m
[2.884s] [ 16%] [32mBuilding C object CMakeFiles/micro_ros_msgs__rosidl_generator_c.dir/rosidl_generator_c/micro_ros_msgs/msg/detail/graph__type_support.c.o[0m
[2.884s] [ 18%] [32mBuilding C object CMakeFiles/micro_ros_msgs__rosidl_generator_c.dir/rosidl_generator_c/micro_ros_msgs/msg/detail/node__type_support.c.o[0m
[2.884s] [ 20%] [32mBuilding C object CMakeFiles/micro_ros_msgs__rosidl_generator_c.dir/rosidl_generator_c/micro_ros_msgs/msg/detail/entity__functions.c.o[0m
[2.884s] [ 21%] [32mBuilding C object CMakeFiles/micro_ros_msgs__rosidl_generator_c.dir/rosidl_generator_c/micro_ros_msgs/msg/detail/entity__description.c.o[0m
[2.884s] [ 23%] [32mBuilding C object CMakeFiles/micro_ros_msgs__rosidl_generator_c.dir/rosidl_generator_c/micro_ros_msgs/msg/detail/entity__type_support.c.o[0m
[2.928s] [ 25%] [32m[1mLinking C shared library libmicro_ros_msgs__rosidl_generator_c.so[0m
[2.956s] [ 25%] Built target micro_ros_msgs__rosidl_generator_c
[2.963s] [ 32%] [34m[1mGenerating C type support for eProsima Fast-RTPS[0m
[2.963s] [ 32%] [34m[1mGenerating C type support dispatch for ROS interfaces[0m
[2.963s] [ 32%] [34m[1mGenerating C++ introspection for ROS interfaces[0m
[2.964s] [ 32%] [34m[1mGenerating C++ type support dispatch for ROS interfaces[0m
[2.964s] [ 36%] [34m[1mGenerating C++ type support for eProsima Fast-RTPS[0m
[2.964s] [ 36%] [34m[1mGenerating C introspection for ROS interfaces[0m
[3.225s] [ 40%] [32mBuilding C object CMakeFiles/micro_ros_msgs__rosidl_typesupport_introspection_c.dir/rosidl_typesupport_introspection_c/micro_ros_msgs/msg/detail/entity__type_support.c.o[0m
[3.225s] [ 40%] [32mBuilding C object CMakeFiles/micro_ros_msgs__rosidl_typesupport_introspection_c.dir/rosidl_typesupport_introspection_c/micro_ros_msgs/msg/detail/node__type_support.c.o[0m
[3.226s] [ 41%] [32mBuilding C object CMakeFiles/micro_ros_msgs__rosidl_typesupport_introspection_c.dir/rosidl_typesupport_introspection_c/micro_ros_msgs/msg/detail/graph__type_support.c.o[0m
[3.235s] [ 43%] [32mBuilding CXX object CMakeFiles/micro_ros_msgs__rosidl_typesupport_c.dir/rosidl_typesupport_c/micro_ros_msgs/msg/graph__type_support.cpp.o[0m
[3.235s] [ 45%] [32mBuilding CXX object CMakeFiles/micro_ros_msgs__rosidl_typesupport_c.dir/rosidl_typesupport_c/micro_ros_msgs/msg/entity__type_support.cpp.o[0m
[3.236s] [ 47%] [32mBuilding CXX object CMakeFiles/micro_ros_msgs__rosidl_typesupport_c.dir/rosidl_typesupport_c/micro_ros_msgs/msg/node__type_support.cpp.o[0m
[3.272s] [ 49%] [32m[1mLinking C shared library libmicro_ros_msgs__rosidl_typesupport_introspection_c.so[0m
[3.287s] [ 50%] [32m[1mLinking CXX shared library libmicro_ros_msgs__rosidl_typesupport_c.so[0m
[3.290s] [ 52%] [32mBuilding CXX object CMakeFiles/micro_ros_msgs__rosidl_typesupport_fastrtps_c.dir/rosidl_typesupport_fastrtps_c/micro_ros_msgs/msg/detail/node__type_support_c.cpp.o[0m
[3.291s] [ 54%] [32mBuilding CXX object CMakeFiles/micro_ros_msgs__rosidl_typesupport_fastrtps_c.dir/rosidl_typesupport_fastrtps_c/micro_ros_msgs/msg/detail/entity__type_support_c.cpp.o[0m
[3.293s] [ 56%] [32mBuilding CXX object CMakeFiles/micro_ros_msgs__rosidl_typesupport_fastrtps_c.dir/rosidl_typesupport_fastrtps_c/micro_ros_msgs/msg/detail/graph__type_support_c.cpp.o[0m
[3.306s] [ 56%] Built target micro_ros_msgs__rosidl_typesupport_introspection_c
[3.313s] [ 60%] [32mBuilding CXX object CMakeFiles/micro_ros_msgs__rosidl_typesupport_fastrtps_cpp.dir/rosidl_typesupport_fastrtps_cpp/micro_ros_msgs/msg/detail/dds_fastrtps/entity__type_support.cpp.o[0m
[3.314s] [ 60%] [32mBuilding CXX object CMakeFiles/micro_ros_msgs__rosidl_typesupport_fastrtps_cpp.dir/rosidl_typesupport_fastrtps_cpp/micro_ros_msgs/msg/detail/dds_fastrtps/node__type_support.cpp.o[0m
[3.314s] [ 61%] [32mBuilding CXX object CMakeFiles/micro_ros_msgs__rosidl_typesupport_fastrtps_cpp.dir/rosidl_typesupport_fastrtps_cpp/micro_ros_msgs/msg/detail/dds_fastrtps/graph__type_support.cpp.o[0m
[3.340s] [ 61%] Built target micro_ros_msgs__rosidl_typesupport_c
[3.372s] [ 63%] [32mBuilding CXX object CMakeFiles/micro_ros_msgs__rosidl_typesupport_cpp.dir/rosidl_typesupport_cpp/micro_ros_msgs/msg/graph__type_support.cpp.o[0m
[3.372s] [ 65%] [32mBuilding CXX object CMakeFiles/micro_ros_msgs__rosidl_typesupport_cpp.dir/rosidl_typesupport_cpp/micro_ros_msgs/msg/entity__type_support.cpp.o[0m
[3.372s] [ 67%] [32mBuilding CXX object CMakeFiles/micro_ros_msgs__rosidl_typesupport_cpp.dir/rosidl_typesupport_cpp/micro_ros_msgs/msg/node__type_support.cpp.o[0m
[3.402s] [ 69%] [32mBuilding CXX object CMakeFiles/micro_ros_msgs__rosidl_typesupport_introspection_cpp.dir/rosidl_typesupport_introspection_cpp/micro_ros_msgs/msg/detail/node__type_support.cpp.o[0m
[3.403s] [ 70%] [32mBuilding CXX object CMakeFiles/micro_ros_msgs__rosidl_typesupport_introspection_cpp.dir/rosidl_typesupport_introspection_cpp/micro_ros_msgs/msg/detail/entity__type_support.cpp.o[0m
[3.405s] [ 72%] [32mBuilding CXX object CMakeFiles/micro_ros_msgs__rosidl_typesupport_introspection_cpp.dir/rosidl_typesupport_introspection_cpp/micro_ros_msgs/msg/detail/graph__type_support.cpp.o[0m
[3.834s] [ 74%] [32m[1mLinking CXX shared library libmicro_ros_msgs__rosidl_typesupport_cpp.so[0m
[3.870s] [ 74%] Built target micro_ros_msgs__rosidl_typesupport_cpp
[3.884s] [ 76%] [32m[1mLinking CXX shared library libmicro_ros_msgs__rosidl_typesupport_fastrtps_c.so[0m
[3.947s] [ 76%] Built target micro_ros_msgs__rosidl_typesupport_fastrtps_c
[3.951s] [ 78%] [32m[1mLinking CXX shared library libmicro_ros_msgs__rosidl_typesupport_fastrtps_cpp.so[0m
[3.988s] [ 80%] [32m[1mLinking CXX shared library libmicro_ros_msgs__rosidl_typesupport_introspection_cpp.so[0m
[4.012s] [ 80%] Built target micro_ros_msgs__rosidl_typesupport_fastrtps_cpp
[4.047s] [ 80%] Built target micro_ros_msgs__rosidl_typesupport_introspection_cpp
[4.062s] [ 80%] Built target micro_ros_msgs
[4.077s] [ 81%] [34m[1mGenerating Python code for ROS interfaces[0m
[4.404s] [ 81%] Built target micro_ros_msgs__py
[4.419s] [ 87%] [32mBuilding C object CMakeFiles/micro_ros_msgs__rosidl_generator_py.dir/rosidl_generator_py/micro_ros_msgs/msg/_node_s.c.o[0m
[4.419s] [ 87%] [32mBuilding C object CMakeFiles/micro_ros_msgs__rosidl_generator_py.dir/rosidl_generator_py/micro_ros_msgs/msg/_entity_s.c.o[0m
[4.419s] [ 87%] [32mBuilding C object CMakeFiles/micro_ros_msgs__rosidl_generator_py.dir/rosidl_generator_py/micro_ros_msgs/msg/_graph_s.c.o[0m
[4.510s] [ 89%] [32m[1mLinking C shared library libmicro_ros_msgs__rosidl_generator_py.so[0m
[4.539s] [ 89%] Built target micro_ros_msgs__rosidl_generator_py
[4.555s] [ 94%] [32mBuilding C object CMakeFiles/micro_ros_msgs_s__rosidl_typesupport_fastrtps_c.dir/rosidl_generator_py/micro_ros_msgs/_micro_ros_msgs_s.ep.rosidl_typesupport_fastrtps_c.c.o[0m
[4.555s] [ 94%] [32mBuilding C object CMakeFiles/micro_ros_msgs_s__rosidl_typesupport_c.dir/rosidl_generator_py/micro_ros_msgs/_micro_ros_msgs_s.ep.rosidl_typesupport_c.c.o[0m
[4.555s] [ 94%] [32mBuilding C object CMakeFiles/micro_ros_msgs_s__rosidl_typesupport_introspection_c.dir/rosidl_generator_py/micro_ros_msgs/_micro_ros_msgs_s.ep.rosidl_typesupport_introspection_c.c.o[0m
[4.628s] [ 98%] [32m[1mLinking C shared module rosidl_generator_py/micro_ros_msgs/micro_ros_msgs_s__rosidl_typesupport_c.so[0m
[4.628s] [ 98%] [32m[1mLinking C shared module rosidl_generator_py/micro_ros_msgs/micro_ros_msgs_s__rosidl_typesupport_introspection_c.so[0m
[4.630s] [100%] [32m[1mLinking C shared module rosidl_generator_py/micro_ros_msgs/micro_ros_msgs_s__rosidl_typesupport_fastrtps_c.so[0m
[4.653s] [100%] Built target micro_ros_msgs_s__rosidl_typesupport_c
[4.653s] [100%] Built target micro_ros_msgs_s__rosidl_typesupport_fastrtps_c
[4.653s] [100%] Built target micro_ros_msgs_s__rosidl_typesupport_introspection_c
[4.662s] Invoked command in '/home/mouha/esp32_led_spacebar/ros2_ws/build/micro_ros_msgs' returned '0': CMAKE_PREFIX_PATH=${CMAKE_PREFIX_PATH}:/home/mouha/esp32_led_spacebar/ros2_ws/install/esp32_led_teleop:/opt/ros/jazzy DEBUGINFOD_URLS=https://debuginfod.ubuntu.com /usr/bin/cmake --build /home/mouha/esp32_led_spacebar/ros2_ws/build/micro_ros_msgs -- -j12 -l12
[4.670s] Invoking command in '/home/mouha/esp32_led_spacebar/ros2_ws/build/micro_ros_msgs': CMAKE_PREFIX_PATH=${CMAKE_PREFIX_PATH}:/home/mouha/esp32_led_spacebar/ros2_ws/install/esp32_led_teleop:/opt/ros/jazzy DEBUGINFOD_URLS=https://debuginfod.ubuntu.com /usr/bin/cmake --install /home/mouha/esp32_led_spacebar/ros2_ws/build/micro_ros_msgs
[4.676s] -- Install configuration: ""
[4.676s] -- Installing: /home/mouha/esp32_led_spacebar/ros2_ws/install/micro_ros_msgs/share/ament_index/resource_index/rosidl_interfaces/micro_ros_msgs
[4.676s] -- Installing: /home/mouha/esp32_led_spacebar/ros2_ws/install/micro_ros_msgs/share/micro_ros_msgs/msg/Graph.json
[4.676s] -- Installing: /home/mouha/esp32_led_spacebar/ros2_ws/install/micro_ros_msgs/share/micro_ros_msgs/msg/Node.json
[4.676s] -- Installing: /home/mouha/esp32_led_spacebar/ros2_ws/install/micro_ros_msgs/share/micro_ros_msgs/msg/Entity.json
[4.676s] -- Installing: /home/mouha/esp32_led_spacebar/ros2_ws/install/micro_ros_msgs/include/micro_ros_msgs/micro_ros_msgs
[4.676s] -- Installing: /home/mouha/esp32_led_spacebar/ros2_ws/install/micro_ros_msgs/include/micro_ros_msgs/micro_ros_msgs/msg
[4.676s] -- Installing: /home/mouha/esp32_led_spacebar/ros2_ws/install/micro_ros_msgs/include/micro_ros_msgs/micro_ros_msgs/msg/graph.h
[4.676s] -- Installing: /home/mouha/esp32_led_spacebar/ros2_ws/install/micro_ros_msgs/include/micro_ros_msgs/micro_ros_msgs/msg/entity.h
[4.676s] -- Installing: /home/mouha/esp32_led_spacebar/ros2_ws/install/micro_ros_msgs/include/micro_ros_msgs/micro_ros_msgs/msg/rosidl_generator_c__visibility_control.h
[4.677s] -- Installing: /home/mouha/esp32_led_spacebar/ros2_ws/install/micro_ros_msgs/include/micro_ros_msgs/micro_ros_msgs/msg/detail
[4.677s] -- Installing: /home/mouha/esp32_led_spacebar/ros2_ws/install/micro_ros_msgs/include/micro_ros_msgs/micro_ros_msgs/msg/detail/entity__type_support.h
[4.677s] -- Installing: /home/mouha/esp32_led_spacebar/ros2_ws/install/micro_ros_msgs/include/micro_ros_msgs/micro_ros_msgs/msg/detail/node__functions.h
[4.677s] -- Installing: /home/mouha/esp32_led_spacebar/ros2_ws/install/micro_ros_msgs/include/micro_ros_msgs/micro_ros_msgs/msg/detail/graph__type_support.c
[4.677s] -- Installing: /home/mouha/esp32_led_spacebar/ros2_ws/install/micro_ros_msgs/include/micro_ros_msgs/micro_ros_msgs/msg/detail/graph__description.c
[4.677s] -- Installing: /home/mouha/esp32_led_spacebar/ros2_ws/install/micro_ros_msgs/include/micro_ros_msgs/micro_ros_msgs/msg/detail/node__functions.c
[4.677s] -- Installing: /home/mouha/esp32_led_spacebar/ros2_ws/install/micro_ros_msgs/include/micro_ros_msgs/micro_ros_msgs/msg/detail/graph__type_support.h
[4.677s] -- Installing: /home/mouha/esp32_led_spacebar/ros2_ws/install/micro_ros_msgs/include/micro_ros_msgs/micro_ros_msgs/msg/detail/entity__functions.h
[4.677s] -- Installing: /home/mouha/esp32_led_spacebar/ros2_ws/install/micro_ros_msgs/include/micro_ros_msgs/micro_ros_msgs/msg/detail/entity__type_support.c
[4.677s] -- Installing: /home/mouha/esp32_led_spacebar/ros2_ws/install/micro_ros_msgs/include/micro_ros_msgs/micro_ros_msgs/msg/detail/node__type_support.c
[4.677s] -- Installing: /home/mouha/esp32_led_spacebar/ros2_ws/install/micro_ros_msgs/include/micro_ros_msgs/micro_ros_msgs/msg/detail/graph__struct.h
[4.677s] -- Installing: /home/mouha/esp32_led_spacebar/ros2_ws/install/micro_ros_msgs/include/micro_ros_msgs/micro_ros_msgs/msg/detail/node__struct.h
[4.677s] -- Installing: /home/mouha/esp32_led_spacebar/ros2_ws/install/micro_ros_msgs/include/micro_ros_msgs/micro_ros_msgs/msg/detail/graph__functions.h
[4.677s] -- Installing: /home/mouha/esp32_led_spacebar/ros2_ws/install/micro_ros_msgs/include/micro_ros_msgs/micro_ros_msgs/msg/detail/entity__functions.c
[4.677s] -- Installing: /home/mouha/esp32_led_spacebar/ros2_ws/install/micro_ros_msgs/include/micro_ros_msgs/micro_ros_msgs/msg/detail/node__description.c
[4.677s] -- Installing: /home/mouha/esp32_led_spacebar/ros2_ws/install/micro_ros_msgs/include/micro_ros_msgs/micro_ros_msgs/msg/detail/entity__struct.h
[4.677s] -- Installing: /home/mouha/esp32_led_spacebar/ros2_ws/install/micro_ros_msgs/include/micro_ros_msgs/micro_ros_msgs/msg/detail/graph__functions.c
[4.678s] -- Installing: /home/mouha/esp32_led_spacebar/ros2_ws/install/micro_ros_msgs/include/micro_ros_msgs/micro_ros_msgs/msg/detail/entity__description.c
[4.678s] -- Installing: /home/mouha/esp32_led_spacebar/ros2_ws/install/micro_ros_msgs/include/micro_ros_msgs/micro_ros_msgs/msg/detail/node__type_support.h
[4.678s] -- Installing: /home/mouha/esp32_led_spacebar/ros2_ws/install/micro_ros_msgs/include/micro_ros_msgs/micro_ros_msgs/msg/node.h
[4.678s] -- Installing: /home/mouha/esp32_led_spacebar/ros2_ws/install/micro_ros_msgs/share/micro_ros_msgs/environment/library_path.sh
[4.678s] -- Installing: /home/mouha/esp32_led_spacebar/ros2_ws/install/micro_ros_msgs/share/micro_ros_msgs/environment/library_path.dsv
[4.678s] -- Installing: /home/mouha/esp32_led_spacebar/ros2_ws/install/micro_ros_msgs/lib/libmicro_ros_msgs__rosidl_generator_c.so
[4.678s] -- Set non-toolchain portion of runtime path of "/home/mouha/esp32_led_spacebar/ros2_ws/install/micro_ros_msgs/lib/libmicro_ros_msgs__rosidl_generator_c.so" to ""
[4.678s] -- Up-to-date: /home/mouha/esp32_led_spacebar/ros2_ws/install/micro_ros_msgs/include/micro_ros_msgs/micro_ros_msgs
[4.678s] -- Up-to-date: /home/mouha/esp32_led_spacebar/ros2_ws/install/micro_ros_msgs/include/micro_ros_msgs/micro_ros_msgs/msg
[4.678s] -- Up-to-date: /home/mouha/esp32_led_spacebar/ros2_ws/install/micro_ros_msgs/include/micro_ros_msgs/micro_ros_msgs/msg/detail
[4.678s] -- Installing: /home/mouha/esp32_led_spacebar/ros2_ws/install/micro_ros_msgs/include/micro_ros_msgs/micro_ros_msgs/msg/detail/graph__rosidl_typesupport_fastrtps_c.h
[4.678s] -- Installing: /home/mouha/esp32_led_spacebar/ros2_ws/install/micro_ros_msgs/include/micro_ros_msgs/micro_ros_msgs/msg/detail/entity__rosidl_typesupport_fastrtps_c.h
[4.678s] -- Installing: /home/mouha/esp32_led_spacebar/ros2_ws/install/micro_ros_msgs/include/micro_ros_msgs/micro_ros_msgs/msg/detail/node__rosidl_typesupport_fastrtps_c.h
[4.678s] -- Installing: /home/mouha/esp32_led_spacebar/ros2_ws/install/micro_ros_msgs/include/micro_ros_msgs/micro_ros_msgs/msg/rosidl_typesupport_fastrtps_c__visibility_control.h
[4.678s] -- Installing: /home/mouha/esp32_led_spacebar/ros2_ws/install/micro_ros_msgs/lib/libmicro_ros_msgs__rosidl_typesupport_fastrtps_c.so
[4.678s] -- Set non-toolchain portion of runtime path of "/home/mouha/esp32_led_spacebar/ros2_ws/install/micro_ros_msgs/lib/libmicro_ros_msgs__rosidl_typesupport_fastrtps_c.so" to ""
[4.678s] -- Up-to-date: /home/mouha/esp32_led_spacebar/ros2_ws/install/micro_ros_msgs/include/micro_ros_msgs/micro_ros_msgs
[4.678s] -- Up-to-date: /home/mouha/esp32_led_spacebar/ros2_ws/install/micro_ros_msgs/include/micro_ros_msgs/micro_ros_msgs/msg
[4.679s] -- Installing: /home/mouha/esp32_led_spacebar/ros2_ws/install/micro_ros_msgs/include/micro_ros_msgs/micro_ros_msgs/msg/rosidl_typesupport_introspection_c__visibility_control.h
[4.679s] -- Up-to-date: /home/mouha/esp32_led_spacebar/ros2_ws/install/micro_ros_msgs/include/micro_ros_msgs/micro_ros_msgs/msg/detail
[4.679s] -- Up-to-date: /home/mouha/esp32_led_spacebar/ros2_ws/install/micro_ros_msgs/include/micro_ros_msgs/micro_ros_msgs/msg/detail/graph__type_support.c
[4.679s] -- Installing: /home/mouha/esp32_led_spacebar/ros2_ws/install/micro_ros_msgs/include/micro_ros_msgs/micro_ros_msgs/msg/detail/graph__rosidl_typesupport_introspection_c.h
[4.679s] -- Installing: /home/mouha/esp32_led_spacebar/ros2_ws/install/micro_ros_msgs/include/micro_ros_msgs/micro_ros_msgs/msg/detail/node__rosidl_typesupport_introspection_c.h
[4.679s] -- Up-to-date: /home/mouha/esp32_led_spacebar/ros2_ws/install/micro_ros_msgs/include/micro_ros_msgs/micro_ros_msgs/msg/detail/entity__type_support.c
[4.679s] -- Up-to-date: /home/mouha/esp32_led_spacebar/ros2_ws/install/micro_ros_msgs/include/micro_ros_msgs/micro_ros_msgs/msg/detail/node__type_support.c
[4.679s] -- Installing: /home/mouha/esp32_led_spacebar/ros2_ws/install/micro_ros_msgs/include/micro_ros_msgs/micro_ros_msgs/msg/detail/entity__rosidl_typesupport_introspection_c.h
[4.679s] -- Installing: /home/mouha/esp32_led_spacebar/ros2_ws/install/micro_ros_msgs/lib/libmicro_ros_msgs__rosidl_typesupport_introspection_c.so
[4.679s] -- Set non-toolchain portion of runtime path of "/home/mouha/esp32_led_spacebar/ros2_ws/install/micro_ros_msgs/lib/libmicro_ros_msgs__rosidl_typesupport_introspection_c.so" to ""
[4.679s] -- Installing: /home/mouha/esp32_led_spacebar/ros2_ws/install/micro_ros_msgs/lib/libmicro_ros_msgs__rosidl_typesupport_c.so
[4.679s] -- Set non-toolchain portion of runtime path of "/home/mouha/esp32_led_spacebar/ros2_ws/install/micro_ros_msgs/lib/libmicro_ros_msgs__rosidl_typesupport_c.so" to ""
[4.679s] -- Up-to-date: /home/mouha/esp32_led_spacebar/ros2_ws/install/micro_ros_msgs/include/micro_ros_msgs/micro_ros_msgs
[4.679s] -- Up-to-date: /home/mouha/esp32_led_spacebar/ros2_ws/install/micro_ros_msgs/include/micro_ros_msgs/micro_ros_msgs/msg
[4.679s] -- Installing: /home/mouha/esp32_led_spacebar/ros2_ws/install/micro_ros_msgs/include/micro_ros_msgs/micro_ros_msgs/msg/node.hpp
[4.679s] -- Installing: /home/mouha/esp32_led_spacebar/ros2_ws/install/micro_ros_msgs/include/micro_ros_msgs/micro_ros_msgs/msg/rosidl_generator_cpp__visibility_control.hpp
[4.679s] -- Installing: /home/mouha/esp32_led_spacebar/ros2_ws/install/micro_ros_msgs/include/micro_ros_msgs/micro_ros_msgs/msg/entity.hpp
[4.679s] -- Installing: /home/mouha/esp32_led_spacebar/ros2_ws/install/micro_ros_msgs/include/micro_ros_msgs/micro_ros_msgs/msg/graph.hpp
[4.679s] -- Up-to-date: /home/mouha/esp32_led_spacebar/ros2_ws/install/micro_ros_msgs/include/micro_ros_msgs/micro_ros_msgs/msg/detail
[4.680s] -- Installing: /home/mouha/esp32_led_spacebar/ros2_ws/install/micro_ros_msgs/include/micro_ros_msgs/micro_ros_msgs/msg/detail/graph__traits.hpp
[4.680s] -- Installing: /home/mouha/esp32_led_spacebar/ros2_ws/install/micro_ros_msgs/include/micro_ros_msgs/micro_ros_msgs/msg/detail/graph__struct.hpp
[4.680s] -- Installing: /home/mouha/esp32_led_spacebar/ros2_ws/install/micro_ros_msgs/include/micro_ros_msgs/micro_ros_msgs/msg/detail/node__struct.hpp
[4.680s] -- Installing: /home/mouha/esp32_led_spacebar/ros2_ws/install/micro_ros_msgs/include/micro_ros_msgs/micro_ros_msgs/msg/detail/entity__struct.hpp
[4.680s] -- Installing: /home/mouha/esp32_led_spacebar/ros2_ws/install/micro_ros_msgs/include/micro_ros_msgs/micro_ros_msgs/msg/detail/graph__builder.hpp
[4.680s] -- Installing: /home/mouha/esp32_led_spacebar/ros2_ws/install/micro_ros_msgs/include/micro_ros_msgs/micro_ros_msgs/msg/detail/node__traits.hpp
[4.680s] -- Installing: /home/mouha/esp32_led_spacebar/ros2_ws/install/micro_ros_msgs/include/micro_ros_msgs/micro_ros_msgs/msg/detail/entity__type_support.hpp
[4.680s] -- Installing: /home/mouha/esp32_led_spacebar/ros2_ws/install/micro_ros_msgs/include/micro_ros_msgs/micro_ros_msgs/msg/detail/node__type_support.hpp
[4.680s] -- Installing: /home/mouha/esp32_led_spacebar/ros2_ws/install/micro_ros_msgs/include/micro_ros_msgs/micro_ros_msgs/msg/detail/entity__traits.hpp
[4.680s] -- Installing: /home/mouha/esp32_led_spacebar/ros2_ws/install/micro_ros_msgs/include/micro_ros_msgs/micro_ros_msgs/msg/detail/graph__type_support.hpp
[4.680s] -- Installing: /home/mouha/esp32_led_spacebar/ros2_ws/install/micro_ros_msgs/include/micro_ros_msgs/micro_ros_msgs/msg/detail/node__builder.hpp
[4.680s] -- Installing: /home/mouha/esp32_led_spacebar/ros2_ws/install/micro_ros_msgs/include/micro_ros_msgs/micro_ros_msgs/msg/detail/entity__builder.hpp
[4.680s] -- Up-to-date: /home/mouha/esp32_led_spacebar/ros2_ws/install/micro_ros_msgs/include/micro_ros_msgs/micro_ros_msgs
[4.680s] -- Up-to-date: /home/mouha/esp32_led_spacebar/ros2_ws/install/micro_ros_msgs/include/micro_ros_msgs/micro_ros_msgs/msg
[4.680s] -- Installing: /home/mouha/esp32_led_spacebar/ros2_ws/install/micro_ros_msgs/include/micro_ros_msgs/micro_ros_msgs/msg/rosidl_typesupport_fastrtps_cpp__visibility_control.h
[4.680s] -- Up-to-date: /home/mouha/esp32_led_spacebar/ros2_ws/install/micro_ros_msgs/include/micro_ros_msgs/micro_ros_msgs/msg/detail
[4.680s] -- Installing: /home/mouha/esp32_led_spacebar/ros2_ws/install/micro_ros_msgs/include/micro_ros_msgs/micro_ros_msgs/msg/detail/entity__rosidl_typesupport_fastrtps_cpp.hpp
[4.680s] -- Installing: /home/mouha/esp32_led_spacebar/ros2_ws/install/micro_ros_msgs/include/micro_ros_msgs/micro_ros_msgs/msg/detail/dds_fastrtps
[4.681s] -- Installing: /home/mouha/esp32_led_spacebar/ros2_ws/install/micro_ros_msgs/include/micro_ros_msgs/micro_ros_msgs/msg/detail/node__rosidl_typesupport_fastrtps_cpp.hpp
[4.681s] -- Installing: /home/mouha/esp32_led_spacebar/ros2_ws/install/micro_ros_msgs/include/micro_ros_msgs/micro_ros_msgs/msg/detail/graph__rosidl_typesupport_fastrtps_cpp.hpp
[4.681s] -- Installing: /home/mouha/esp32_led_spacebar/ros2_ws/install/micro_ros_msgs/lib/libmicro_ros_msgs__rosidl_typesupport_fastrtps_cpp.so
[4.681s] -- Set non-toolchain portion of runtime path of "/home/mouha/esp32_led_spacebar/ros2_ws/install/micro_ros_msgs/lib/libmicro_ros_msgs__rosidl_typesupport_fastrtps_cpp.so" to ""
[4.681s] -- Up-to-date: /home/mouha/esp32_led_spacebar/ros2_ws/install/micro_ros_msgs/include/micro_ros_msgs/micro_ros_msgs
[4.681s] -- Up-to-date: /home/mouha/esp32_led_spacebar/ros2_ws/install/micro_ros_msgs/include/micro_ros_msgs/micro_ros_msgs/msg
[4.681s] -- Up-to-date: /home/mouha/esp32_led_spacebar/ros2_ws/install/micro_ros_msgs/include/micro_ros_msgs/micro_ros_msgs/msg/detail
[4.681s] -- Installing: /home/mouha/esp32_led_spacebar/ros2_ws/install/micro_ros_msgs/include/micro_ros_msgs/micro_ros_msgs/msg/detail/graph__type_support.cpp
[4.681s] -- Installing: /home/mouha/esp32_led_spacebar/ros2_ws/install/micro_ros_msgs/include/micro_ros_msgs/micro_ros_msgs/msg/detail/graph__rosidl_typesupport_introspection_cpp.hpp
[4.681s] -- Installing: /home/mouha/esp32_led_spacebar/ros2_ws/install/micro_ros_msgs/include/micro_ros_msgs/micro_ros_msgs/msg/detail/entity__rosidl_typesupport_introspection_cpp.hpp
[4.681s] -- Installing: /home/mouha/esp32_led_spacebar/ros2_ws/install/micro_ros_msgs/include/micro_ros_msgs/micro_ros_msgs/msg/detail/entity__type_support.cpp
[4.681s] -- Installing: /home/mouha/esp32_led_spacebar/ros2_ws/install/micro_ros_msgs/include/micro_ros_msgs/micro_ros_msgs/msg/detail/node__type_support.cpp
[4.681s] -- Installing: /home/mouha/esp32_led_spacebar/ros2_ws/install/micro_ros_msgs/include/micro_ros_msgs/micro_ros_msgs/msg/detail/node__rosidl_typesupport_introspection_cpp.hpp
[4.681s] -- Installing: /home/mouha/esp32_led_spacebar/ros2_ws/install/micro_ros_msgs/lib/libmicro_ros_msgs__rosidl_typesupport_introspection_cpp.so
[4.681s] -- Set non-toolchain portion of runtime path of "/home/mouha/esp32_led_spacebar/ros2_ws/install/micro_ros_msgs/lib/libmicro_ros_msgs__rosidl_typesupport_introspection_cpp.so" to ""
[4.681s] -- Installing: /home/mouha/esp32_led_spacebar/ros2_ws/install/micro_ros_msgs/lib/libmicro_ros_msgs__rosidl_typesupport_cpp.so
[4.681s] -- Set non-toolchain portion of runtime path of "/home/mouha/esp32_led_spacebar/ros2_ws/install/micro_ros_msgs/lib/libmicro_ros_msgs__rosidl_typesupport_cpp.so" to ""
[4.681s] -- Installing: /home/mouha/esp32_led_spacebar/ros2_ws/install/micro_ros_msgs/share/micro_ros_msgs/environment/pythonpath.sh
[4.681s] -- Installing: /home/mouha/esp32_led_spacebar/ros2_ws/install/micro_ros_msgs/share/micro_ros_msgs/environment/pythonpath.dsv
[4.682s] -- Installing: /home/mouha/esp32_led_spacebar/ros2_ws/install/micro_ros_msgs/lib/python3.12/site-packages/micro_ros_msgs-5.0.2-py3.12.egg-info
[4.682s] -- Installing: /home/mouha/esp32_led_spacebar/ros2_ws/install/micro_ros_msgs/lib/python3.12/site-packages/micro_ros_msgs-5.0.2-py3.12.egg-info/top_level.txt
[4.682s] -- Installing: /home/mouha/esp32_led_spacebar/ros2_ws/install/micro_ros_msgs/lib/python3.12/site-packages/micro_ros_msgs-5.0.2-py3.12.egg-info/SOURCES.txt
[4.682s] -- Installing: /home/mouha/esp32_led_spacebar/ros2_ws/install/micro_ros_msgs/lib/python3.12/site-packages/micro_ros_msgs-5.0.2-py3.12.egg-info/PKG-INFO
[4.682s] -- Installing: /home/mouha/esp32_led_spacebar/ros2_ws/install/micro_ros_msgs/lib/python3.12/site-packages/micro_ros_msgs-5.0.2-py3.12.egg-info/dependency_links.txt
[4.682s] -- Installing: /home/mouha/esp32_led_spacebar/ros2_ws/install/micro_ros_msgs/lib/python3.12/site-packages/micro_ros_msgs
[4.682s] -- Installing: /home/mouha/esp32_led_spacebar/ros2_ws/install/micro_ros_msgs/lib/python3.12/site-packages/micro_ros_msgs/__init__.py
[4.682s] -- Installing: /home/mouha/esp32_led_spacebar/ros2_ws/install/micro_ros_msgs/lib/python3.12/site-packages/micro_ros_msgs/micro_ros_msgs_s__rosidl_typesupport_fastrtps_c.so
[4.682s] -- Installing: /home/mouha/esp32_led_spacebar/ros2_ws/install/micro_ros_msgs/lib/python3.12/site-packages/micro_ros_msgs/_micro_ros_msgs_s.ep.rosidl_typesupport_fastrtps_c.c
[4.682s] -- Installing: /home/mouha/esp32_led_spacebar/ros2_ws/install/micro_ros_msgs/lib/python3.12/site-packages/micro_ros_msgs/micro_ros_msgs_s__rosidl_typesupport_introspection_c.so
[4.682s] -- Installing: /home/mouha/esp32_led_spacebar/ros2_ws/install/micro_ros_msgs/lib/python3.12/site-packages/micro_ros_msgs/_micro_ros_msgs_s.ep.rosidl_typesupport_c.c
[4.682s] -- Installing: /home/mouha/esp32_led_spacebar/ros2_ws/install/micro_ros_msgs/lib/python3.12/site-packages/micro_ros_msgs/msg
[4.682s] -- Installing: /home/mouha/esp32_led_spacebar/ros2_ws/install/micro_ros_msgs/lib/python3.12/site-packages/micro_ros_msgs/msg/__init__.py
[4.682s] -- Installing: /home/mouha/esp32_led_spacebar/ros2_ws/install/micro_ros_msgs/lib/python3.12/site-packages/micro_ros_msgs/msg/_graph_s.c
[4.682s] -- Installing: /home/mouha/esp32_led_spacebar/ros2_ws/install/micro_ros_msgs/lib/python3.12/site-packages/micro_ros_msgs/msg/_node_s.c
[4.682s] -- Installing: /home/mouha/esp32_led_spacebar/ros2_ws/install/micro_ros_msgs/lib/python3.12/site-packages/micro_ros_msgs/msg/_graph.py
[4.682s] -- Installing: /home/mouha/esp32_led_spacebar/ros2_ws/install/micro_ros_msgs/lib/python3.12/site-packages/micro_ros_msgs/msg/_entity.py
[4.683s] -- Installing: /home/mouha/esp32_led_spacebar/ros2_ws/install/micro_ros_msgs/lib/python3.12/site-packages/micro_ros_msgs/msg/_node.py
[4.683s] -- Installing: /home/mouha/esp32_led_spacebar/ros2_ws/install/micro_ros_msgs/lib/python3.12/site-packages/micro_ros_msgs/msg/_entity_s.c
[4.683s] -- Installing: /home/mouha/esp32_led_spacebar/ros2_ws/install/micro_ros_msgs/lib/python3.12/site-packages/micro_ros_msgs/_micro_ros_msgs_s.ep.rosidl_typesupport_introspection_c.c
[4.683s] -- Installing: /home/mouha/esp32_led_spacebar/ros2_ws/install/micro_ros_msgs/lib/python3.12/site-packages/micro_ros_msgs/micro_ros_msgs_s__rosidl_typesupport_c.so
[4.713s] Listing '/home/mouha/esp32_led_spacebar/ros2_ws/install/micro_ros_msgs/lib/python3.12/site-packages/micro_ros_msgs'...
[4.713s] Compiling '/home/mouha/esp32_led_spacebar/ros2_ws/install/micro_ros_msgs/lib/python3.12/site-packages/micro_ros_msgs/__init__.py'...
[4.713s] Listing '/home/mouha/esp32_led_spacebar/ros2_ws/install/micro_ros_msgs/lib/python3.12/site-packages/micro_ros_msgs/msg'...
[4.713s] Compiling '/home/mouha/esp32_led_spacebar/ros2_ws/install/micro_ros_msgs/lib/python3.12/site-packages/micro_ros_msgs/msg/__init__.py'...
[4.714s] Compiling '/home/mouha/esp32_led_spacebar/ros2_ws/install/micro_ros_msgs/lib/python3.12/site-packages/micro_ros_msgs/msg/_entity.py'...
[4.714s] Compiling '/home/mouha/esp32_led_spacebar/ros2_ws/install/micro_ros_msgs/lib/python3.12/site-packages/micro_ros_msgs/msg/_graph.py'...
[4.714s] Compiling '/home/mouha/esp32_led_spacebar/ros2_ws/install/micro_ros_msgs/lib/python3.12/site-packages/micro_ros_msgs/msg/_node.py'...
[4.718s] -- Installing: /home/mouha/esp32_led_spacebar/ros2_ws/install/micro_ros_msgs/lib/python3.12/site-packages/micro_ros_msgs/micro_ros_msgs_s__rosidl_typesupport_fastrtps_c.so
[4.718s] -- Set non-toolchain portion of runtime path of "/home/mouha/esp32_led_spacebar/ros2_ws/install/micro_ros_msgs/lib/python3.12/site-packages/micro_ros_msgs/micro_ros_msgs_s__rosidl_typesupport_fastrtps_c.so" to ""
[4.718s] -- Installing: /home/mouha/esp32_led_spacebar/ros2_ws/install/micro_ros_msgs/lib/python3.12/site-packages/micro_ros_msgs/micro_ros_msgs_s__rosidl_typesupport_introspection_c.so
[4.718s] -- Set non-toolchain portion of runtime path of "/home/mouha/esp32_led_spacebar/ros2_ws/install/micro_ros_msgs/lib/python3.12/site-packages/micro_ros_msgs/micro_ros_msgs_s__rosidl_typesupport_introspection_c.so" to ""
[4.718s] -- Installing: /home/mouha/esp32_led_spacebar/ros2_ws/install/micro_ros_msgs/lib/python3.12/site-packages/micro_ros_msgs/micro_ros_msgs_s__rosidl_typesupport_c.so
[4.718s] -- Set non-toolchain portion of runtime path of "/home/mouha/esp32_led_spacebar/ros2_ws/install/micro_ros_msgs/lib/python3.12/site-packages/micro_ros_msgs/micro_ros_msgs_s__rosidl_typesupport_c.so" to ""
[4.719s] -- Installing: /home/mouha/esp32_led_spacebar/ros2_ws/install/micro_ros_msgs/lib/libmicro_ros_msgs__rosidl_generator_py.so
[4.719s] -- Set non-toolchain portion of runtime path of "/home/mouha/esp32_led_spacebar/ros2_ws/install/micro_ros_msgs/lib/libmicro_ros_msgs__rosidl_generator_py.so" to ""
[4.719s] -- Installing: /home/mouha/esp32_led_spacebar/ros2_ws/install/micro_ros_msgs/share/ament_index/resource_index/rust_packages/micro_ros_msgs
[4.719s] -- Installing: /home/mouha/esp32_led_spacebar/ros2_ws/install/micro_ros_msgs/share/micro_ros_msgs/rust
[4.719s] -- Installing: /home/mouha/esp32_led_spacebar/ros2_ws/install/micro_ros_msgs/share/micro_ros_msgs/rust/Cargo.toml
[4.719s] -- Installing: /home/mouha/esp32_led_spacebar/ros2_ws/install/micro_ros_msgs/share/micro_ros_msgs/rust/build.rs
[4.719s] -- Installing: /home/mouha/esp32_led_spacebar/ros2_ws/install/micro_ros_msgs/share/micro_ros_msgs/rust/src
[4.719s] -- Installing: /home/mouha/esp32_led_spacebar/ros2_ws/install/micro_ros_msgs/share/micro_ros_msgs/rust/src/lib.rs
[4.719s] -- Installing: /home/mouha/esp32_led_spacebar/ros2_ws/install/micro_ros_msgs/share/micro_ros_msgs/rust/src/msg.rs
[4.719s] -- Installing: /home/mouha/esp32_led_spacebar/ros2_ws/install/micro_ros_msgs/share/micro_ros_msgs/rust/src/msg
[4.719s] -- Installing: /home/mouha/esp32_led_spacebar/ros2_ws/install/micro_ros_msgs/share/micro_ros_msgs/rust/src/msg/rmw.rs
[4.719s] -- Installing: /home/mouha/esp32_led_spacebar/ros2_ws/install/micro_ros_msgs/share/micro_ros_msgs/msg/Graph.idl
[4.719s] -- Installing: /home/mouha/esp32_led_spacebar/ros2_ws/install/micro_ros_msgs/share/micro_ros_msgs/msg/Node.idl
[4.719s] -- Installing: /home/mouha/esp32_led_spacebar/ros2_ws/install/micro_ros_msgs/share/micro_ros_msgs/msg/Entity.idl
[4.719s] -- Installing: /home/mouha/esp32_led_spacebar/ros2_ws/install/micro_ros_msgs/share/micro_ros_msgs/msg/Graph.msg
[4.720s] -- Installing: /home/mouha/esp32_led_spacebar/ros2_ws/install/micro_ros_msgs/share/micro_ros_msgs/msg/Node.msg
[4.720s] -- Installing: /home/mouha/esp32_led_spacebar/ros2_ws/install/micro_ros_msgs/share/micro_ros_msgs/msg/Entity.msg
[4.720s] -- Installing: /home/mouha/esp32_led_spacebar/ros2_ws/install/micro_ros_msgs/share/ament_index/resource_index/package_run_dependencies/micro_ros_msgs
[4.720s] -- Installing: /home/mouha/esp32_led_spacebar/ros2_ws/install/micro_ros_msgs/share/ament_index/resource_index/parent_prefix_path/micro_ros_msgs
[4.720s] -- Installing: /home/mouha/esp32_led_spacebar/ros2_ws/install/micro_ros_msgs/share/micro_ros_msgs/environment/ament_prefix_path.sh
[4.720s] -- Installing: /home/mouha/esp32_led_spacebar/ros2_ws/install/micro_ros_msgs/share/micro_ros_msgs/environment/ament_prefix_path.dsv
[4.720s] -- Installing: /home/mouha/esp32_led_spacebar/ros2_ws/install/micro_ros_msgs/share/micro_ros_msgs/environment/path.sh
[4.720s] -- Installing: /home/mouha/esp32_led_spacebar/ros2_ws/install/micro_ros_msgs/share/micro_ros_msgs/environment/path.dsv
[4.720s] -- Installing: /home/mouha/esp32_led_spacebar/ros2_ws/install/micro_ros_msgs/share/micro_ros_msgs/local_setup.bash
[4.720s] -- Installing: /home/mouha/esp32_led_spacebar/ros2_ws/install/micro_ros_msgs/share/micro_ros_msgs/local_setup.sh
[4.720s] -- Installing: /home/mouha/esp32_led_spacebar/ros2_ws/install/micro_ros_msgs/share/micro_ros_msgs/local_setup.zsh
[4.720s] -- Installing: /home/mouha/esp32_led_spacebar/ros2_ws/install/micro_ros_msgs/share/micro_ros_msgs/local_setup.dsv
[4.720s] -- Installing: /home/mouha/esp32_led_spacebar/ros2_ws/install/micro_ros_msgs/share/micro_ros_msgs/package.dsv
[4.720s] -- Installing: /home/mouha/esp32_led_spacebar/ros2_ws/install/micro_ros_msgs/share/ament_index/resource_index/packages/micro_ros_msgs
[4.720s] -- Installing: /home/mouha/esp32_led_spacebar/ros2_ws/install/micro_ros_msgs/share/micro_ros_msgs/cmake/export_micro_ros_msgs__rosidl_generator_cExport.cmake
[4.720s] -- Installing: /home/mouha/esp32_led_spacebar/ros2_ws/install/micro_ros_msgs/share/micro_ros_msgs/cmake/export_micro_ros_msgs__rosidl_generator_cExport-noconfig.cmake
[4.721s] -- Installing: /home/mouha/esp32_led_spacebar/ros2_ws/install/micro_ros_msgs/share/micro_ros_msgs/cmake/export_micro_ros_msgs__rosidl_typesupport_fastrtps_cExport.cmake
[4.721s] -- Installing: /home/mouha/esp32_led_spacebar/ros2_ws/install/micro_ros_msgs/share/micro_ros_msgs/cmake/export_micro_ros_msgs__rosidl_typesupport_fastrtps_cExport-noconfig.cmake
[4.721s] -- Installing: /home/mouha/esp32_led_spacebar/ros2_ws/install/micro_ros_msgs/share/micro_ros_msgs/cmake/micro_ros_msgs__rosidl_typesupport_introspection_cExport.cmake
[4.721s] -- Installing: /home/mouha/esp32_led_spacebar/ros2_ws/install/micro_ros_msgs/share/micro_ros_msgs/cmake/micro_ros_msgs__rosidl_typesupport_introspection_cExport-noconfig.cmake
[4.721s] -- Installing: /home/mouha/esp32_led_spacebar/ros2_ws/install/micro_ros_msgs/share/micro_ros_msgs/cmake/micro_ros_msgs__rosidl_typesupport_cExport.cmake
[4.721s] -- Installing: /home/mouha/esp32_led_spacebar/ros2_ws/install/micro_ros_msgs/share/micro_ros_msgs/cmake/micro_ros_msgs__rosidl_typesupport_cExport-noconfig.cmake
[4.721s] -- Installing: /home/mouha/esp32_led_spacebar/ros2_ws/install/micro_ros_msgs/share/micro_ros_msgs/cmake/export_micro_ros_msgs__rosidl_generator_cppExport.cmake
[4.721s] -- Installing: /home/mouha/esp32_led_spacebar/ros2_ws/install/micro_ros_msgs/share/micro_ros_msgs/cmake/export_micro_ros_msgs__rosidl_typesupport_fastrtps_cppExport.cmake
[4.721s] -- Installing: /home/mouha/esp32_led_spacebar/ros2_ws/install/micro_ros_msgs/share/micro_ros_msgs/cmake/export_micro_ros_msgs__rosidl_typesupport_fastrtps_cppExport-noconfig.cmake
[4.721s] -- Installing: /home/mouha/esp32_led_spacebar/ros2_ws/install/micro_ros_msgs/share/micro_ros_msgs/cmake/micro_ros_msgs__rosidl_typesupport_introspection_cppExport.cmake
[4.721s] -- Installing: /home/mouha/esp32_led_spacebar/ros2_ws/install/micro_ros_msgs/share/micro_ros_msgs/cmake/micro_ros_msgs__rosidl_typesupport_introspection_cppExport-noconfig.cmake
[4.721s] -- Installing: /home/mouha/esp32_led_spacebar/ros2_ws/install/micro_ros_msgs/share/micro_ros_msgs/cmake/micro_ros_msgs__rosidl_typesupport_cppExport.cmake
[4.721s] -- Installing: /home/mouha/esp32_led_spacebar/ros2_ws/install/micro_ros_msgs/share/micro_ros_msgs/cmake/micro_ros_msgs__rosidl_typesupport_cppExport-noconfig.cmake
[4.721s] -- Installing: /home/mouha/esp32_led_spacebar/ros2_ws/install/micro_ros_msgs/share/micro_ros_msgs/cmake/export_micro_ros_msgs__rosidl_generator_pyExport.cmake
[4.722s] -- Installing: /home/mouha/esp32_led_spacebar/ros2_ws/install/micro_ros_msgs/share/micro_ros_msgs/cmake/export_micro_ros_msgs__rosidl_generator_pyExport-noconfig.cmake
[4.722s] -- Installing: /home/mouha/esp32_led_spacebar/ros2_ws/install/micro_ros_msgs/share/micro_ros_msgs/cmake/rosidl_cmake-extras.cmake
[4.722s] -- Installing: /home/mouha/esp32_led_spacebar/ros2_ws/install/micro_ros_msgs/share/micro_ros_msgs/cmake/ament_cmake_export_include_directories-extras.cmake
[4.722s] -- Installing: /home/mouha/esp32_led_spacebar/ros2_ws/install/micro_ros_msgs/share/micro_ros_msgs/cmake/ament_cmake_export_libraries-extras.cmake
[4.722s] -- Installing: /home/mouha/esp32_led_spacebar/ros2_ws/install/micro_ros_msgs/share/micro_ros_msgs/cmake/ament_cmake_export_targets-extras.cmake
[4.722s] -- Installing: /home/mouha/esp32_led_spacebar/ros2_ws/install/micro_ros_msgs/share/micro_ros_msgs/cmake/rosidl_cmake_export_typesupport_targets-extras.cmake
[4.722s] -- Installing: /home/mouha/esp32_led_spacebar/ros2_ws/install/micro_ros_msgs/share/micro_ros_msgs/cmake/ament_cmake_export_dependencies-extras.cmake
[4.722s] -- Installing: /home/mouha/esp32_led_spacebar/ros2_ws/install/micro_ros_msgs/share/micro_ros_msgs/cmake/rosidl_cmake_export_typesupport_libraries-extras.cmake
[4.722s] -- Installing: /home/mouha/esp32_led_spacebar/ros2_ws/install/micro_ros_msgs/share/micro_ros_msgs/cmake/micro_ros_msgsConfig.cmake
[4.722s] -- Installing: /home/mouha/esp32_led_spacebar/ros2_ws/install/micro_ros_msgs/share/micro_ros_msgs/cmake/micro_ros_msgsConfig-version.cmake
[4.722s] -- Installing: /home/mouha/esp32_led_spacebar/ros2_ws/install/micro_ros_msgs/share/micro_ros_msgs/package.xml
[4.724s] Invoked command in '/home/mouha/esp32_led_spacebar/ros2_ws/build/micro_ros_msgs' returned '0': CMAKE_PREFIX_PATH=${CMAKE_PREFIX_PATH}:/home/mouha/esp32_led_spacebar/ros2_ws/install/esp32_led_teleop:/opt/ros/jazzy DEBUGINFOD_URLS=https://debuginfod.ubuntu.com /usr/bin/cmake --install /home/mouha/esp32_led_spacebar/ros2_ws/build/micro_ros_msgs
