[0.009s] Invoking command in '/home/mouha/esp32_led_spacebar/ros2_ws/build/esp32_led_status': CMAKE_PREFIX_PATH=${CMAKE_PREFIX_PATH}:/opt/ros/jazzy DEBUGINFOD_URLS=https://debuginfod.ubuntu.com /usr/bin/cmake /home/mouha/esp32_led_spacebar/ros2_ws/src/esp32_led_status -DCMAKE_INSTALL_PREFIX=/home/mouha/esp32_led_spacebar/ros2_ws/install/esp32_led_status
[0.092s] -- The C compiler identification is GNU 13.3.0
[0.156s] -- The CXX compiler identification is GNU 13.3.0
[0.170s] -- Detecting C compiler ABI info
[0.235s] -- Detecting C compiler ABI info - done
[0.241s] -- Check for working C compiler: /usr/bin/cc - skipped
[0.242s] -- Detecting C compile features
[0.242s] -- Detecting C compile features - done
[0.249s] -- Detecting CXX compiler ABI info
[0.317s] -- Detecting CXX compiler ABI info - done
[0.324s] -- Check for working CXX compiler: /usr/bin/c++ - skipped
[0.324s] -- Detecting CXX compile features
[0.324s] -- Detecting CXX compile features - done
[0.331s] -- Found ament_cmake: 2.5.6 (/opt/ros/jazzy/share/ament_cmake/cmake)
[0.446s] -- Found Python3: /usr/bin/python3 (found version "3.12.3") found components: Interpreter 
[0.542s] -- Found rclcpp: 28.1.18 (/opt/ros/jazzy/share/rclcpp/cmake)
[0.585s] -- Found rosidl_generator_c: 4.6.7 (/opt/ros/jazzy/share/rosidl_generator_c/cmake)
[0.599s] -- Found rosidl_generator_cpp: 4.6.7 (/opt/ros/jazzy/share/rosidl_generator_cpp/cmake)
[0.616s] -- Using all available rosidl_typesupport_c: rosidl_typesupport_fastrtps_c;rosidl_typesupport_introspection_c
[0.633s] -- Using all available rosidl_typesupport_cpp: rosidl_typesupport_fastrtps_cpp;rosidl_typesupport_introspection_cpp
[0.702s] -- Found rmw_implementation_cmake: 7.3.3 (/opt/ros/jazzy/share/rmw_implementation_cmake/cmake)
[0.706s] -- Found rmw_fastrtps_cpp: 8.4.3 (/opt/ros/jazzy/share/rmw_fastrtps_cpp/cmake)
[0.773s] -- Found OpenSSL: /usr/lib/x86_64-linux-gnu/libcrypto.so (found version "3.0.13")  
[0.789s] -- Found FastRTPS: /opt/ros/jazzy/include (Required is at least version "2.13") 
[0.808s] -- Using RMW implementation 'rmw_fastrtps_cpp' as default
[0.875s] -- Found std_msgs: 5.3.7 (/opt/ros/jazzy/share/std_msgs/cmake)
[0.889s] -- Found ament_lint_auto: 0.17.5 (/opt/ros/jazzy/share/ament_lint_auto/cmake)
[0.979s] -- Added test 'cppcheck' to perform static code analysis on C / C++ code
[0.979s] -- Configured cppcheck include dirs: $<BUILD_INTERFACE:/home/mouha/esp32_led_spacebar/ros2_ws/src/esp32_led_status/include>
[0.979s] -- Configured cppcheck exclude dirs and/or files: 
[0.980s] -- Added test 'lint_cmake' to check CMake code style
[0.981s] -- Added test 'uncrustify' to check C / C++ code style
[0.981s] -- Configured uncrustify additional arguments: 
[0.982s] -- Added test 'xmllint' to check XML markup files
[0.983s] -- Configuring done (1.0s)
[0.991s] -- Generating done (0.0s)
[0.994s] -- Build files have been written to: /home/mouha/esp32_led_spacebar/ros2_ws/build/esp32_led_status
[1.002s] Invoked command in '/home/mouha/esp32_led_spacebar/ros2_ws/build/esp32_led_status' returned '0': CMAKE_PREFIX_PATH=${CMAKE_PREFIX_PATH}:/opt/ros/jazzy DEBUGINFOD_URLS=https://debuginfod.ubuntu.com /usr/bin/cmake /home/mouha/esp32_led_spacebar/ros2_ws/src/esp32_led_status -DCMAKE_INSTALL_PREFIX=/home/mouha/esp32_led_spacebar/ros2_ws/install/esp32_led_status
[1.003s] Invoking command in '/home/mouha/esp32_led_spacebar/ros2_ws/build/esp32_led_status': CMAKE_PREFIX_PATH=${CMAKE_PREFIX_PATH}:/opt/ros/jazzy DEBUGINFOD_URLS=https://debuginfod.ubuntu.com /usr/bin/cmake --build /home/mouha/esp32_led_spacebar/ros2_ws/build/esp32_led_status -- -j12 -l12
[1.041s] [ 50%] [32mBuilding CXX object CMakeFiles/led_status_listener.dir/src/led_status_listener.cpp.o[0m
[6.161s] [100%] [32m[1mLinking CXX executable led_status_listener[0m
[6.337s] [100%] Built target led_status_listener
[6.344s] Invoked command in '/home/mouha/esp32_led_spacebar/ros2_ws/build/esp32_led_status' returned '0': CMAKE_PREFIX_PATH=${CMAKE_PREFIX_PATH}:/opt/ros/jazzy DEBUGINFOD_URLS=https://debuginfod.ubuntu.com /usr/bin/cmake --build /home/mouha/esp32_led_spacebar/ros2_ws/build/esp32_led_status -- -j12 -l12
[6.351s] Invoking command in '/home/mouha/esp32_led_spacebar/ros2_ws/build/esp32_led_status': CMAKE_PREFIX_PATH=${CMAKE_PREFIX_PATH}:/opt/ros/jazzy DEBUGINFOD_URLS=https://debuginfod.ubuntu.com /usr/bin/cmake --install /home/mouha/esp32_led_spacebar/ros2_ws/build/esp32_led_status
[6.357s] -- Install configuration: ""
[6.357s] -- Installing: /home/mouha/esp32_led_spacebar/ros2_ws/install/esp32_led_status/lib/esp32_led_status/led_status_listener
[6.358s] -- Set non-toolchain portion of runtime path of "/home/mouha/esp32_led_spacebar/ros2_ws/install/esp32_led_status/lib/esp32_led_status/led_status_listener" to ""
[6.359s] -- Installing: /home/mouha/esp32_led_spacebar/ros2_ws/install/esp32_led_status/share/ament_index/resource_index/package_run_dependencies/esp32_led_status
[6.359s] -- Installing: /home/mouha/esp32_led_spacebar/ros2_ws/install/esp32_led_status/share/ament_index/resource_index/parent_prefix_path/esp32_led_status
[6.359s] -- Installing: /home/mouha/esp32_led_spacebar/ros2_ws/install/esp32_led_status/share/esp32_led_status/environment/ament_prefix_path.sh
[6.359s] -- Installing: /home/mouha/esp32_led_spacebar/ros2_ws/install/esp32_led_status/share/esp32_led_status/environment/ament_prefix_path.dsv
[6.359s] -- Installing: /home/mouha/esp32_led_spacebar/ros2_ws/install/esp32_led_status/share/esp32_led_status/environment/path.sh
[6.359s] -- Installing: /home/mouha/esp32_led_spacebar/ros2_ws/install/esp32_led_status/share/esp32_led_status/environment/path.dsv
[6.359s] -- Installing: /home/mouha/esp32_led_spacebar/ros2_ws/install/esp32_led_status/share/esp32_led_status/local_setup.bash
[6.359s] -- Installing: /home/mouha/esp32_led_spacebar/ros2_ws/install/esp32_led_status/share/esp32_led_status/local_setup.sh
[6.359s] -- Installing: /home/mouha/esp32_led_spacebar/ros2_ws/install/esp32_led_status/share/esp32_led_status/local_setup.zsh
[6.359s] -- Installing: /home/mouha/esp32_led_spacebar/ros2_ws/install/esp32_led_status/share/esp32_led_status/local_setup.dsv
[6.359s] -- Installing: /home/mouha/esp32_led_spacebar/ros2_ws/install/esp32_led_status/share/esp32_led_status/package.dsv
[6.359s] -- Installing: /home/mouha/esp32_led_spacebar/ros2_ws/install/esp32_led_status/share/ament_index/resource_index/packages/esp32_led_status
[6.359s] -- Installing: /home/mouha/esp32_led_spacebar/ros2_ws/install/esp32_led_status/share/esp32_led_status/cmake/esp32_led_statusConfig.cmake
[6.359s] -- Installing: /home/mouha/esp32_led_spacebar/ros2_ws/install/esp32_led_status/share/esp32_led_status/cmake/esp32_led_statusConfig-version.cmake
[6.359s] -- Installing: /home/mouha/esp32_led_spacebar/ros2_ws/install/esp32_led_status/share/esp32_led_status/package.xml
[6.361s] Invoked command in '/home/mouha/esp32_led_spacebar/ros2_ws/build/esp32_led_status' returned '0': CMAKE_PREFIX_PATH=${CMAKE_PREFIX_PATH}:/opt/ros/jazzy DEBUGINFOD_URLS=https://debuginfod.ubuntu.com /usr/bin/cmake --install /home/mouha/esp32_led_spacebar/ros2_ws/build/esp32_led_status
