running egg_info
writing ../../build/esp32_led_teleop/esp32_led_teleop.egg-info/PKG-INFO
writing dependency_links to ../../build/esp32_led_teleop/esp32_led_teleop.egg-info/dependency_links.txt
writing entry points to ../../build/esp32_led_teleop/esp32_led_teleop.egg-info/entry_points.txt
writing requirements to ../../build/esp32_led_teleop/esp32_led_teleop.egg-info/requires.txt
writing top-level names to ../../build/esp32_led_teleop/esp32_led_teleop.egg-info/top_level.txt
reading manifest file '../../build/esp32_led_teleop/esp32_led_teleop.egg-info/SOURCES.txt'
adding license file 'LICENSE'
writing manifest file '../../build/esp32_led_teleop/esp32_led_teleop.egg-info/SOURCES.txt'
running build
running build_py
running install
running install_lib
running install_data
running install_egg_info
removing '/home/mouha/esp32_led_spacebar/ros2_ws/install/esp32_led_teleop/lib/python3.12/site-packages/esp32_led_teleop-0.0.0-py3.12.egg-info' (and everything under it)
Copying ../../build/esp32_led_teleop/esp32_led_teleop.egg-info to /home/mouha/esp32_led_spacebar/ros2_ws/install/esp32_led_teleop/lib/python3.12/site-packages/esp32_led_teleop-0.0.0-py3.12.egg-info
running install_scripts
Installing keyboard_led_publisher script to /home/mouha/esp32_led_spacebar/ros2_ws/install/esp32_led_teleop/lib/esp32_led_teleop
writing list of installed files to '/home/mouha/esp32_led_spacebar/ros2_ws/build/esp32_led_teleop/install.log'
